#
# A fatal error has been detected by the Java Runtime Environment:
#
#  EXCEPTION_ACCESS_VIOLATION (0xc0000005) at pc=0x00007ffb7c7fadf8, pid=8344, tid=3504
#
# JRE version: Java(TM) SE Runtime Environment (21.0.9+7) (build 21.0.9+7-LTS-338)
# Java VM: Java HotSpot(TM) 64-Bit Server VM (21.0.9+7-LTS-338, mixed mode, emulated-client, sharing, tiered, compressed oops, compressed class ptrs, g1 gc, windows-amd64)
# Problematic frame:
# V  [jvm.dll+0x1fadf8]
#
# No core dump will be written. Minidumps are not enabled by default on client versions of Windows
#
# If you would like to submit a bug report, please visit:
#   https://bugreport.java.com/bugreport/crash.jsp
#

---------------  S U M M A R Y ------------

Command Line: -XX:TieredStopAtLevel=1 -Dspring.output.ansi.enabled=always -Dcom.sun.management.jmxremote -Dspring.jmx.enabled=true -Dspring.liveBeansView.mbeanDomain -Dspring.application.admin.enabled=true -Dmanagement.endpoints.jmx.exposure.include=* -javaagent:C:\Program Files\JetBrains\IntelliJ IDEA 2025.2.5\lib\idea_rt.jar=55108 -Dfile.encoding=UTF-8 -Dsun.stdout.encoding=UTF-8 -Dsun.stderr.encoding=UTF-8 com.sougata.form_data_service.FormDataServiceApplication

Host: 12th Gen Intel(R) Core(TM) i3-12100F, 8 cores, 15G,  Windows 11 , 64 bit Build 26100 (10.0.26100.8875)
Time: Fri Jul 17 00:22:39 2026 India Standard Time elapsed time: 0.681981 seconds (0d 0h 0m 0s)

---------------  T H R E A D  ---------------

Current thread (0x000002565590e310):  JavaThread "C1 CompilerThread1" daemon [_thread_in_vm, id=3504, stack(0x000000a55fe00000,0x000000a55ff00000) (1024K)]


Current CompileTask:
C1:    682 1706       1       org.springframework.util.ConcurrentReferenceHashMap$Segment::restructureIfNecessary (56 bytes)

Stack: [0x000000a55fe00000,0x000000a55ff00000],  sp=0x000000a55fefe000,  free space=1016k
Native frames: (J=compiled Java code, j=interpreted, Vv=VM code, C=native code)
V  [jvm.dll+0x1fadf8]
V  [jvm.dll+0x1fb6c6]
V  [jvm.dll+0x1e92bc]
V  [jvm.dll+0x1e8ea0]
V  [jvm.dll+0x203be2]
V  [jvm.dll+0x15cddd]
V  [jvm.dll+0x15fa10]
V  [jvm.dll+0x15e035]
V  [jvm.dll+0x157eef]
V  [jvm.dll+0x167a86]
V  [jvm.dll+0x1537a0]
V  [jvm.dll+0x153b23]
V  [jvm.dll+0x153df4]
V  [jvm.dll+0x153226]
V  [jvm.dll+0x154ffd]
V  [jvm.dll+0x256329]
V  [jvm.dll+0x2548ba]
V  [jvm.dll+0x3efdee]
V  [jvm.dll+0x80265b]
V  [jvm.dll+0x6ca66d]
C  [ucrtbase.dll+0x2cd30]
C  [KERNEL32.DLL+0x2e957]
C  [ntdll.dll+0xaad6c]


siginfo: EXCEPTION_ACCESS_VIOLATION (0xc0000005), reading address 0x00007efb7cfc4768


Registers:
RAX=0x00007efb7cfc4760, RBX=0x000002569768d9e8, RCX=0x000002569768d9e8, RDX=0x000002569768d9e8
RSP=0x000000a55fefe000, RBP=0x000002569b6df2d0, RSI=0x000002565590e310, RDI=0x000002569b6df2d0
R8 =0x0000000000000004, R9 =0x000002569b988730, R10=0x00000256558432c0, R11=0x0000000000000000
R12=0x000002569bac3118, R13=0x00000000000000ac, R14=0x000002569b9890c0, R15=0x000002569b6df2d0
RIP=0x00007ffb7c7fadf8, EFLAGS=0x0000000000010202


Register to memory mapping:

RAX=0x00007efb7cfc4760 is an unknown value
RBX=0x000002569768d9e8 is pointing into metadata
RCX=0x000002569768d9e8 is pointing into metadata
RDX=0x000002569768d9e8 is pointing into metadata
RSP=0x000000a55fefe000 is pointing into the stack for thread: 0x000002565590e310
RBP=0x000002569b6df2d0 points into unknown readable memory: 0x000000a55feff088 | 88 f0 ef 5f a5 00 00 00
RSI=0x000002565590e310 is a thread
RDI=0x000002569b6df2d0 points into unknown readable memory: 0x000000a55feff088 | 88 f0 ef 5f a5 00 00 00
R8 =0x0000000000000004 is an unknown value
R9 =0x000002569b988730 points into unknown readable memory: 0x00000256557da648 | 48 a6 7d 55 56 02 00 00
R10=0x00000256558432c0 points into unknown readable memory: 0x0000001e00000002 | 02 00 00 00 1e 00 00 00
R11=0x0 is null
R12=0x000002569bac3118 points into unknown readable memory: 0x6f70000ce76c0002 | 02 00 6c e7 0c 00 70 6f
R13=0x00000000000000ac is an unknown value
R14=0x000002569b9890c0 points into unknown readable memory: 0x00007ffb7cfaf8e8 | e8 f8 fa 7c fb 7f 00 00
R15=0x000002569b6df2d0 points into unknown readable memory: 0x000000a55feff088 | 88 f0 ef 5f a5 00 00 00

Top of Stack: (sp=0x000000a55fefe000)
0x000000a55fefe000:   000000a55fefe148 000000a55fefe1b0
0x000000a55fefe010:   0000f49579388d5d 000000a55fefe1b0
0x000000a55fefe020:   000000000000001a 000002569b9890c0
0x000000a55fefe030:   000002569768d9e8 00007ffb7c7fb6c6
0x000000a55fefe040:   00000000000000ac 000000a55feff080
0x000000a55fefe050:   0000000000000000 00007ffb7cbd3465
0x000000a55fefe060:   000000000000001a 000002569b9890c0
0x000000a55fefe070:   000002569ba97ae8 0000000000000000
0x000000a55fefe080:   000000a55feff080 00007ffb7c7e92bc
0x000000a55fefe090:   000002569768d9e8 000002569b98da48
0x000000a55fefe0a0:   000002569bac3118 00007ffb7c7ebb1a
0x000000a55fefe0b0:   000002569b9890c0 000002569b98d978
0x000000a55fefe0c0:   000002569bac3118 000002569ba97ae8
0x000000a55fefe0d0:   00000256570b9778 00000256570b92d8
0x000000a55fefe0e0:   0000000000000000 0000000000000000
0x000000a55fefe0f0:   00000000000a0101 000002569b98d978
0x000000a55fefe100:   0000000000000070 000000a55feff080
0x000000a55fefe110:   000000a55fefe268 0000000000000020
0x000000a55fefe120:   00000000000000b6 00007ffb7c7e8ea0
0x000000a55fefe130:   00000256557cb1e0 000000a55fefe1b0
0x000000a55fefe140:   000000000000001a 00007ffb7c7ec80a
0x000000a55fefe150:   000002569b9890c0 00007ffb7c75c156
0x000000a55fefe160:   000000a55feff080 0000000000000000
0x000000a55fefe170:   000000a55fefe2e0 00007ffb7c803be2
0x000000a55fefe180:   000002565590e310 00000256557cb250
0x000000a55fefe190:   000000a55fefe2f0 00000256557cb200
0x000000a55fefe1a0:   000002569b9890c0 000002569bab1848
0x000000a55fefe1b0:   000002569768b170 000002565590e310
0x000000a55fefe1c0:   0000000000000000 0000000000000000
0x000000a55fefe1d0:   0000000000000000 0000000000000000
0x000000a55fefe1e0:   00000000000000b6 00007ffb7c75cddd
0x000000a55fefe1f0:   000002569768b170 000002569b989df2 

Instructions: (pc=0x00007ffb7c7fadf8)
0x00007ffb7c7facf8:   0f 1f 84 00 00 00 00 00 48 8b 4e 10 4c 89 2c c1
0x00007ffb7c7fad08:   48 ff c0 48 3b c7 7c f0 48 8b 4e 10 8d 47 01 89
0x00007ffb7c7fad18:   46 08 ff c5 4b 8b 04 34 49 83 c6 08 48 89 04 f9
0x00007ffb7c7fad28:   41 3b 2f 7c a5 4c 8b 74 24 58 4c 8b 64 24 50 48
0x00007ffb7c7fad38:   8b 5c 24 60 48 8b c6 48 83 c4 20 41 5f 41 5d 5f
0x00007ffb7c7fad48:   5e 5d c3 cc cc cc cc cc 48 89 5c 24 08 44 8b 41
0x00007ffb7c7fad58:   08 45 33 c9 41 83 e8 01 78 2f 48 8b 59 10 66 66
0x00007ffb7c7fad68:   0f 1f 84 00 00 00 00 00 43 8d 04 08 d1 e8 48 8b
0x00007ffb7c7fad78:   0c c3 48 3b 51 10 73 06 44 8d 40 ff eb 06 76 11
0x00007ffb7c7fad88:   44 8d 48 01 45 3b c1 7d df 33 c0 48 8b 5c 24 08
0x00007ffb7c7fad98:   c3 48 8b 5c 24 08 48 8b c1 c3 cc cc cc cc cc cc
0x00007ffb7c7fada8:   cc cc cc cc cc cc cc cc 48 89 5c 24 08 48 89 74
0x00007ffb7c7fadb8:   24 18 57 48 83 ec 30 65 48 8b 04 25 58 00 00 00
0x00007ffb7c7fadc8:   48 8b da 44 8b 05 56 5d a7 00 48 8b f9 4a 8b 34
0x00007ffb7c7fadd8:   c0 b8 70 00 00 00 80 3c 30 00 75 05 e8 07 bf 6f
0x00007ffb7c7fade8:   00 b8 20 00 00 00 48 8b cb 48 8b 34 30 48 8b 03
0x00007ffb7c7fadf8:   ff 50 08 84 c0 0f 84 b6 00 00 00 8b 43 0c 83 f8
0x00007ffb7c7fae08:   04 7f 44 48 8b 17 b9 90 00 00 00 e8 f8 4a ec ff
0x00007ffb7c7fae18:   48 85 c0 74 1e 48 8b d3 48 8b c8 e8 58 24 ff ff
0x00007ffb7c7fae28:   48 8b d8 48 8b 5c 24 40 48 8b 74 24 50 48 83 c4
0x00007ffb7c7fae38:   30 5f c3 33 db 8b c3 48 8b 5c 24 40 48 8b 74 24
0x00007ffb7c7fae48:   50 48 83 c4 30 5f c3 83 f8 06 75 2e 48 8b 17 8d
0x00007ffb7c7fae58:   48 42 e8 b1 4a ec ff 48 85 c0 74 d7 48 8b d3 48
0x00007ffb7c7fae68:   8b c8 e8 11 eb ff ff 48 8b d8 48 8b 5c 24 40 48
0x00007ffb7c7fae78:   8b 74 24 50 48 83 c4 30 5f c3 83 f8 05 0f 85 65
0x00007ffb7c7fae88:   01 00 00 48 8b 17 8d 48 33 e8 7a 4a ec ff 48 85
0x00007ffb7c7fae98:   c0 74 a0 48 8b d3 48 8b c8 e8 1a a8 00 00 48 8b
0x00007ffb7c7faea8:   d8 48 8b 5c 24 40 48 8b 74 24 50 48 83 c4 30 5f
0x00007ffb7c7faeb8:   c3 48 8b 03 48 8b cb ff 50 10 84 c0 0f 84 91 00
0x00007ffb7c7faec8:   00 00 48 89 5c 24 20 48 8d 54 24 48 48 89 74 24
0x00007ffb7c7faed8:   28 48 8b 8e 30 03 00 00 48 89 5c 24 48 e8 c6 eb
0x00007ffb7c7faee8:   e0 ff 48 8b 44 24 20 33 db 48 8b 48 08 48 8b 41 


Stack slot to memory mapping:

stack at sp + 0 slots: 0x000000a55fefe148 is pointing into the stack for thread: 0x000002565590e310
stack at sp + 1 slots: 0x000000a55fefe1b0 is pointing into the stack for thread: 0x000002565590e310
stack at sp + 2 slots: 0x0000f49579388d5d is an unknown value
stack at sp + 3 slots: 0x000000a55fefe1b0 is pointing into the stack for thread: 0x000002565590e310
stack at sp + 4 slots: 0x000000000000001a is an unknown value
stack at sp + 5 slots: 0x000002569b9890c0 points into unknown readable memory: 0x00007ffb7cfaf8e8 | e8 f8 fa 7c fb 7f 00 00
stack at sp + 6 slots: 0x000002569768d9e8 is pointing into metadata
stack at sp + 7 slots: 0x00007ffb7c7fb6c6 jvm.dll


---------------  P R O C E S S  ---------------

Threads class SMR info:
_java_thread_list=0x000002569b70b980, length=15, elements={
0x0000025640471cc0, 0x000002565503d410, 0x000002565503e5f0, 0x00000256557b58a0,
0x00000256557b8f90, 0x00000256557be920, 0x00000256557b6cc0, 0x00000256557b7ad0,
0x000002565590e310, 0x0000025655959d20, 0x000002569b55edb0, 0x000002569b560430,
0x000002569b6655b0, 0x000002569b666470, 0x000002569b75cf90
}

Java Threads: ( => current thread )
  0x0000025640471cc0 JavaThread "main"                              [_thread_in_Java, id=23576, stack(0x000000a55ef00000,0x000000a55f000000) (1024K)]
  0x000002565503d410 JavaThread "Reference Handler"          daemon [_thread_blocked, id=23748, stack(0x000000a55f700000,0x000000a55f800000) (1024K)]
  0x000002565503e5f0 JavaThread "Finalizer"                  daemon [_thread_blocked, id=23904, stack(0x000000a55f800000,0x000000a55f900000) (1024K)]
  0x00000256557b58a0 JavaThread "Signal Dispatcher"          daemon [_thread_blocked, id=17168, stack(0x000000a55f900000,0x000000a55fa00000) (1024K)]
  0x00000256557b8f90 JavaThread "Attach Listener"            daemon [_thread_blocked, id=2756, stack(0x000000a55fa00000,0x000000a55fb00000) (1024K)]
  0x00000256557be920 JavaThread "Service Thread"             daemon [_thread_blocked, id=22456, stack(0x000000a55fb00000,0x000000a55fc00000) (1024K)]
  0x00000256557b6cc0 JavaThread "Monitor Deflation Thread"   daemon [_thread_blocked, id=23272, stack(0x000000a55fc00000,0x000000a55fd00000) (1024K)]
  0x00000256557b7ad0 JavaThread "C1 CompilerThread0"         daemon [_thread_in_vm, id=9080, stack(0x000000a55fd00000,0x000000a55fe00000) (1024K)]
=>0x000002565590e310 JavaThread "C1 CompilerThread1"         daemon [_thread_in_vm, id=3504, stack(0x000000a55fe00000,0x000000a55ff00000) (1024K)]
  0x0000025655959d20 JavaThread "Common-Cleaner"             daemon [_thread_blocked, id=6792, stack(0x000000a55ff00000,0x000000a560000000) (1024K)]
  0x000002569b55edb0 JavaThread "Monitor Ctrl-Break"         daemon [_thread_in_native, id=3092, stack(0x000000a560000000,0x000000a560100000) (1024K)]
  0x000002569b560430 JavaThread "Notification Thread"        daemon [_thread_blocked, id=6484, stack(0x000000a560100000,0x000000a560200000) (1024K)]
  0x000002569b6655b0 JavaThread "C1 CompilerThread2"         daemon [_thread_blocked, id=11280, stack(0x000000a560200000,0x000000a560300000) (1024K)]
  0x000002569b666470 JavaThread "C1 CompilerThread3"         daemon [_thread_blocked, id=23964, stack(0x000000a560300000,0x000000a560400000) (1024K)]
  0x000002569b75cf90 JavaThread "RMI TCP Accept-0"           daemon [_thread_in_native, id=11192, stack(0x000000a560900000,0x000000a560a00000) (1024K)]
Total: 15

Other Threads:
  0x0000025655017350 VMThread "VM Thread"                           [id=20744, stack(0x000000a55f600000,0x000000a55f700000) (1024K)]
  0x0000025655005db0 WatcherThread "VM Periodic Task Thread"        [id=14096, stack(0x000000a55f500000,0x000000a55f600000) (1024K)]
  0x000002564097cb90 WorkerThread "GC Thread#0"                     [id=15516, stack(0x000000a55f000000,0x000000a55f100000) (1024K)]
  0x000002569b690be0 WorkerThread "GC Thread#1"                     [id=8336, stack(0x000000a560400000,0x000000a560500000) (1024K)]
  0x000002569b690f90 WorkerThread "GC Thread#2"                     [id=5108, stack(0x000000a560500000,0x000000a560600000) (1024K)]
  0x000002569b693350 WorkerThread "GC Thread#3"                     [id=10252, stack(0x000000a560600000,0x000000a560700000) (1024K)]
  0x000002569b6a3b20 WorkerThread "GC Thread#4"                     [id=20808, stack(0x000000a560700000,0x000000a560800000) (1024K)]
  0x000002569b6b5550 WorkerThread "GC Thread#5"                     [id=4428, stack(0x000000a560800000,0x000000a560900000) (1024K)]
  0x000002569b6b3f30 WorkerThread "GC Thread#6"                     [id=7532, stack(0x000000a560a00000,0x000000a560b00000) (1024K)]
  0x000002569b6b4df0 WorkerThread "GC Thread#7"                     [id=19740, stack(0x000000a560b00000,0x000000a560c00000) (1024K)]
  0x000002564098d970 ConcurrentGCThread "G1 Main Marker"            [id=5232, stack(0x000000a55f100000,0x000000a55f200000) (1024K)]
  0x0000025640990700 WorkerThread "G1 Conc#0"                       [id=18940, stack(0x000000a55f200000,0x000000a55f300000) (1024K)]
  0x00000256409be810 ConcurrentGCThread "G1 Refine#0"               [id=24848, stack(0x000000a55f300000,0x000000a55f400000) (1024K)]
  0x0000025654ed70a0 ConcurrentGCThread "G1 Service"                [id=2772, stack(0x000000a55f400000,0x000000a55f500000) (1024K)]
Total: 14

Threads with active compile tasks:
C1 CompilerThread0      720 1707       1       org.springframework.util.ConcurrentReferenceHashMap$ReferenceManager::pollForPurge (11 bytes)
C1 CompilerThread1      720 1706       1       org.springframework.util.ConcurrentReferenceHashMap$Segment::restructureIfNecessary (56 bytes)
Total: 2

VM state: not at safepoint (normal execution)

VM Mutex/Monitor currently owned by a thread: None

Heap address: 0x0000000702800000, size: 4056 MB, Compressed Oops mode: Zero based, Oop shift amount: 3

CDS archive(s) mapped at: [0x0000025656000000-0x0000025656c90000-0x0000025656c90000), size 13172736, SharedBaseAddress: 0x0000025656000000, ArchiveRelocationMode: 1.
Compressed class space mapped at: 0x0000025657000000-0x0000025697000000, reserved size: 1073741824
Narrow klass base: 0x0000025656000000, Narrow klass shift: 0, Narrow klass range: 0x100000000

GC Precious Log:
 CardTable entry size: 512
 Card Set container configuration: InlinePtr #cards 4 size 8 Array Of Cards #cards 16 size 48 Howl #buckets 8 coarsen threshold 3686 Howl Bitmap #cards 512 size 80 coarsen threshold 460 Card regions per heap region 1 cards per card region 4096
 CPUs: 8 total, 8 available
 Memory: 16222M
 Large Page Support: Disabled
 NUMA Support: Disabled
 Compressed Oops: Enabled (Zero based)
 Heap Region Size: 2M
 Heap Min Capacity: 8M
 Heap Initial Capacity: 254M
 Heap Max Capacity: 4056M
 Pre-touch: Disabled
 Parallel Workers: 8
 Concurrent Workers: 2
 Concurrent Refinement Workers: 8
 Periodic GC: Disabled

Heap:
 garbage-first heap   total 260096K, used 37575K [0x0000000702800000, 0x0000000800000000)
  region size 2048K, 14 young (28672K), 2 survivors (4096K)
 Metaspace       used 9839K, committed 10048K, reserved 1114112K
  class space    used 1178K, committed 1280K, reserved 1048576K

Heap Regions: E=young(eden), S=young(survivor), O=old, HS=humongous(starts), HC=humongous(continues), CS=collection set, F=free, TAMS=top-at-mark-start, PB=parsable bottom
|   0|0x0000000702800000, 0x0000000702a00000, 0x0000000702a00000|100%| O|  |TAMS 0x0000000702800000| PB 0x0000000702800000| Untracked 
|   1|0x0000000702a00000, 0x0000000702c00000, 0x0000000702c00000|100%| O|  |TAMS 0x0000000702a00000| PB 0x0000000702a00000| Untracked 
|   2|0x0000000702c00000, 0x0000000702e00000, 0x0000000702e00000|100%| O|  |TAMS 0x0000000702c00000| PB 0x0000000702c00000| Untracked 
|   3|0x0000000702e00000, 0x0000000703000000, 0x0000000703000000|100%| O|  |TAMS 0x0000000702e00000| PB 0x0000000702e00000| Untracked 
|   4|0x0000000703000000, 0x0000000703200000, 0x0000000703200000|100%| O|  |TAMS 0x0000000703000000| PB 0x0000000703000000| Untracked 
|   5|0x0000000703200000, 0x00000007032b1e40, 0x0000000703400000| 34%| O|  |TAMS 0x0000000703200000| PB 0x0000000703200000| Untracked 
|   6|0x0000000703400000, 0x0000000703400000, 0x0000000703600000|  0%| F|  |TAMS 0x0000000703400000| PB 0x0000000703400000| Untracked 
|   7|0x0000000703600000, 0x0000000703600000, 0x0000000703800000|  0%| F|  |TAMS 0x0000000703600000| PB 0x0000000703600000| Untracked 
|   8|0x0000000703800000, 0x0000000703800000, 0x0000000703a00000|  0%| F|  |TAMS 0x0000000703800000| PB 0x0000000703800000| Untracked 
|   9|0x0000000703a00000, 0x0000000703a00000, 0x0000000703c00000|  0%| F|  |TAMS 0x0000000703a00000| PB 0x0000000703a00000| Untracked 
|  10|0x0000000703c00000, 0x0000000703c00000, 0x0000000703e00000|  0%| F|  |TAMS 0x0000000703c00000| PB 0x0000000703c00000| Untracked 
|  11|0x0000000703e00000, 0x0000000703e00000, 0x0000000704000000|  0%| F|  |TAMS 0x0000000703e00000| PB 0x0000000703e00000| Untracked 
|  12|0x0000000704000000, 0x0000000704000000, 0x0000000704200000|  0%| F|  |TAMS 0x0000000704000000| PB 0x0000000704000000| Untracked 
|  13|0x0000000704200000, 0x0000000704200000, 0x0000000704400000|  0%| F|  |TAMS 0x0000000704200000| PB 0x0000000704200000| Untracked 
|  14|0x0000000704400000, 0x0000000704400000, 0x0000000704600000|  0%| F|  |TAMS 0x0000000704400000| PB 0x0000000704400000| Untracked 
|  15|0x0000000704600000, 0x0000000704600000, 0x0000000704800000|  0%| F|  |TAMS 0x0000000704600000| PB 0x0000000704600000| Untracked 
|  16|0x0000000704800000, 0x0000000704800000, 0x0000000704a00000|  0%| F|  |TAMS 0x0000000704800000| PB 0x0000000704800000| Untracked 
|  17|0x0000000704a00000, 0x0000000704a00000, 0x0000000704c00000|  0%| F|  |TAMS 0x0000000704a00000| PB 0x0000000704a00000| Untracked 
|  18|0x0000000704c00000, 0x0000000704c00000, 0x0000000704e00000|  0%| F|  |TAMS 0x0000000704c00000| PB 0x0000000704c00000| Untracked 
|  19|0x0000000704e00000, 0x0000000704e00000, 0x0000000705000000|  0%| F|  |TAMS 0x0000000704e00000| PB 0x0000000704e00000| Untracked 
|  20|0x0000000705000000, 0x0000000705000000, 0x0000000705200000|  0%| F|  |TAMS 0x0000000705000000| PB 0x0000000705000000| Untracked 
|  21|0x0000000705200000, 0x0000000705200000, 0x0000000705400000|  0%| F|  |TAMS 0x0000000705200000| PB 0x0000000705200000| Untracked 
|  22|0x0000000705400000, 0x0000000705400000, 0x0000000705600000|  0%| F|  |TAMS 0x0000000705400000| PB 0x0000000705400000| Untracked 
|  23|0x0000000705600000, 0x0000000705600000, 0x0000000705800000|  0%| F|  |TAMS 0x0000000705600000| PB 0x0000000705600000| Untracked 
|  24|0x0000000705800000, 0x0000000705800000, 0x0000000705a00000|  0%| F|  |TAMS 0x0000000705800000| PB 0x0000000705800000| Untracked 
|  25|0x0000000705a00000, 0x0000000705a00000, 0x0000000705c00000|  0%| F|  |TAMS 0x0000000705a00000| PB 0x0000000705a00000| Untracked 
|  26|0x0000000705c00000, 0x0000000705c00000, 0x0000000705e00000|  0%| F|  |TAMS 0x0000000705c00000| PB 0x0000000705c00000| Untracked 
|  27|0x0000000705e00000, 0x0000000705e00000, 0x0000000706000000|  0%| F|  |TAMS 0x0000000705e00000| PB 0x0000000705e00000| Untracked 
|  28|0x0000000706000000, 0x0000000706000000, 0x0000000706200000|  0%| F|  |TAMS 0x0000000706000000| PB 0x0000000706000000| Untracked 
|  29|0x0000000706200000, 0x0000000706200000, 0x0000000706400000|  0%| F|  |TAMS 0x0000000706200000| PB 0x0000000706200000| Untracked 
|  30|0x0000000706400000, 0x0000000706400000, 0x0000000706600000|  0%| F|  |TAMS 0x0000000706400000| PB 0x0000000706400000| Untracked 
|  31|0x0000000706600000, 0x0000000706600000, 0x0000000706800000|  0%| F|  |TAMS 0x0000000706600000| PB 0x0000000706600000| Untracked 
|  32|0x0000000706800000, 0x0000000706800000, 0x0000000706a00000|  0%| F|  |TAMS 0x0000000706800000| PB 0x0000000706800000| Untracked 
|  33|0x0000000706a00000, 0x0000000706a00000, 0x0000000706c00000|  0%| F|  |TAMS 0x0000000706a00000| PB 0x0000000706a00000| Untracked 
|  34|0x0000000706c00000, 0x0000000706c00000, 0x0000000706e00000|  0%| F|  |TAMS 0x0000000706c00000| PB 0x0000000706c00000| Untracked 
|  35|0x0000000706e00000, 0x0000000706e00000, 0x0000000707000000|  0%| F|  |TAMS 0x0000000706e00000| PB 0x0000000706e00000| Untracked 
|  36|0x0000000707000000, 0x0000000707000000, 0x0000000707200000|  0%| F|  |TAMS 0x0000000707000000| PB 0x0000000707000000| Untracked 
|  37|0x0000000707200000, 0x0000000707200000, 0x0000000707400000|  0%| F|  |TAMS 0x0000000707200000| PB 0x0000000707200000| Untracked 
|  38|0x0000000707400000, 0x0000000707400000, 0x0000000707600000|  0%| F|  |TAMS 0x0000000707400000| PB 0x0000000707400000| Untracked 
|  39|0x0000000707600000, 0x0000000707600000, 0x0000000707800000|  0%| F|  |TAMS 0x0000000707600000| PB 0x0000000707600000| Untracked 
|  40|0x0000000707800000, 0x0000000707800000, 0x0000000707a00000|  0%| F|  |TAMS 0x0000000707800000| PB 0x0000000707800000| Untracked 
|  41|0x0000000707a00000, 0x0000000707a00000, 0x0000000707c00000|  0%| F|  |TAMS 0x0000000707a00000| PB 0x0000000707a00000| Untracked 
|  42|0x0000000707c00000, 0x0000000707c00000, 0x0000000707e00000|  0%| F|  |TAMS 0x0000000707c00000| PB 0x0000000707c00000| Untracked 
|  43|0x0000000707e00000, 0x0000000707e00000, 0x0000000708000000|  0%| F|  |TAMS 0x0000000707e00000| PB 0x0000000707e00000| Untracked 
|  44|0x0000000708000000, 0x0000000708000000, 0x0000000708200000|  0%| F|  |TAMS 0x0000000708000000| PB 0x0000000708000000| Untracked 
|  45|0x0000000708200000, 0x0000000708200000, 0x0000000708400000|  0%| F|  |TAMS 0x0000000708200000| PB 0x0000000708200000| Untracked 
|  46|0x0000000708400000, 0x0000000708400000, 0x0000000708600000|  0%| F|  |TAMS 0x0000000708400000| PB 0x0000000708400000| Untracked 
|  47|0x0000000708600000, 0x0000000708600000, 0x0000000708800000|  0%| F|  |TAMS 0x0000000708600000| PB 0x0000000708600000| Untracked 
|  48|0x0000000708800000, 0x0000000708800000, 0x0000000708a00000|  0%| F|  |TAMS 0x0000000708800000| PB 0x0000000708800000| Untracked 
|  49|0x0000000708a00000, 0x0000000708a00000, 0x0000000708c00000|  0%| F|  |TAMS 0x0000000708a00000| PB 0x0000000708a00000| Untracked 
|  50|0x0000000708c00000, 0x0000000708c00000, 0x0000000708e00000|  0%| F|  |TAMS 0x0000000708c00000| PB 0x0000000708c00000| Untracked 
|  51|0x0000000708e00000, 0x0000000708e00000, 0x0000000709000000|  0%| F|  |TAMS 0x0000000708e00000| PB 0x0000000708e00000| Untracked 
|  52|0x0000000709000000, 0x0000000709000000, 0x0000000709200000|  0%| F|  |TAMS 0x0000000709000000| PB 0x0000000709000000| Untracked 
|  53|0x0000000709200000, 0x0000000709200000, 0x0000000709400000|  0%| F|  |TAMS 0x0000000709200000| PB 0x0000000709200000| Untracked 
|  54|0x0000000709400000, 0x0000000709400000, 0x0000000709600000|  0%| F|  |TAMS 0x0000000709400000| PB 0x0000000709400000| Untracked 
|  55|0x0000000709600000, 0x0000000709600000, 0x0000000709800000|  0%| F|  |TAMS 0x0000000709600000| PB 0x0000000709600000| Untracked 
|  56|0x0000000709800000, 0x0000000709800000, 0x0000000709a00000|  0%| F|  |TAMS 0x0000000709800000| PB 0x0000000709800000| Untracked 
|  57|0x0000000709a00000, 0x0000000709a00000, 0x0000000709c00000|  0%| F|  |TAMS 0x0000000709a00000| PB 0x0000000709a00000| Untracked 
|  58|0x0000000709c00000, 0x0000000709c00000, 0x0000000709e00000|  0%| F|  |TAMS 0x0000000709c00000| PB 0x0000000709c00000| Untracked 
|  59|0x0000000709e00000, 0x0000000709e00000, 0x000000070a000000|  0%| F|  |TAMS 0x0000000709e00000| PB 0x0000000709e00000| Untracked 
|  60|0x000000070a000000, 0x000000070a000000, 0x000000070a200000|  0%| F|  |TAMS 0x000000070a000000| PB 0x000000070a000000| Untracked 
|  61|0x000000070a200000, 0x000000070a200000, 0x000000070a400000|  0%| F|  |TAMS 0x000000070a200000| PB 0x000000070a200000| Untracked 
|  62|0x000000070a400000, 0x000000070a400000, 0x000000070a600000|  0%| F|  |TAMS 0x000000070a400000| PB 0x000000070a400000| Untracked 
|  63|0x000000070a600000, 0x000000070a600000, 0x000000070a800000|  0%| F|  |TAMS 0x000000070a600000| PB 0x000000070a600000| Untracked 
|  64|0x000000070a800000, 0x000000070a800000, 0x000000070aa00000|  0%| F|  |TAMS 0x000000070a800000| PB 0x000000070a800000| Untracked 
|  65|0x000000070aa00000, 0x000000070aa00000, 0x000000070ac00000|  0%| F|  |TAMS 0x000000070aa00000| PB 0x000000070aa00000| Untracked 
|  66|0x000000070ac00000, 0x000000070ac00000, 0x000000070ae00000|  0%| F|  |TAMS 0x000000070ac00000| PB 0x000000070ac00000| Untracked 
|  67|0x000000070ae00000, 0x000000070ae00000, 0x000000070b000000|  0%| F|  |TAMS 0x000000070ae00000| PB 0x000000070ae00000| Untracked 
|  68|0x000000070b000000, 0x000000070b000000, 0x000000070b200000|  0%| F|  |TAMS 0x000000070b000000| PB 0x000000070b000000| Untracked 
|  69|0x000000070b200000, 0x000000070b200000, 0x000000070b400000|  0%| F|  |TAMS 0x000000070b200000| PB 0x000000070b200000| Untracked 
|  70|0x000000070b400000, 0x000000070b400000, 0x000000070b600000|  0%| F|  |TAMS 0x000000070b400000| PB 0x000000070b400000| Untracked 
|  71|0x000000070b600000, 0x000000070b600000, 0x000000070b800000|  0%| F|  |TAMS 0x000000070b600000| PB 0x000000070b600000| Untracked 
|  72|0x000000070b800000, 0x000000070b800000, 0x000000070ba00000|  0%| F|  |TAMS 0x000000070b800000| PB 0x000000070b800000| Untracked 
|  73|0x000000070ba00000, 0x000000070ba00000, 0x000000070bc00000|  0%| F|  |TAMS 0x000000070ba00000| PB 0x000000070ba00000| Untracked 
|  74|0x000000070bc00000, 0x000000070bc00000, 0x000000070be00000|  0%| F|  |TAMS 0x000000070bc00000| PB 0x000000070bc00000| Untracked 
|  75|0x000000070be00000, 0x000000070be00000, 0x000000070c000000|  0%| F|  |TAMS 0x000000070be00000| PB 0x000000070be00000| Untracked 
|  76|0x000000070c000000, 0x000000070c000000, 0x000000070c200000|  0%| F|  |TAMS 0x000000070c000000| PB 0x000000070c000000| Untracked 
|  77|0x000000070c200000, 0x000000070c200000, 0x000000070c400000|  0%| F|  |TAMS 0x000000070c200000| PB 0x000000070c200000| Untracked 
|  78|0x000000070c400000, 0x000000070c400000, 0x000000070c600000|  0%| F|  |TAMS 0x000000070c400000| PB 0x000000070c400000| Untracked 
|  79|0x000000070c600000, 0x000000070c600000, 0x000000070c800000|  0%| F|  |TAMS 0x000000070c600000| PB 0x000000070c600000| Untracked 
|  80|0x000000070c800000, 0x000000070c800000, 0x000000070ca00000|  0%| F|  |TAMS 0x000000070c800000| PB 0x000000070c800000| Untracked 
|  81|0x000000070ca00000, 0x000000070ca00000, 0x000000070cc00000|  0%| F|  |TAMS 0x000000070ca00000| PB 0x000000070ca00000| Untracked 
|  82|0x000000070cc00000, 0x000000070cc00000, 0x000000070ce00000|  0%| F|  |TAMS 0x000000070cc00000| PB 0x000000070cc00000| Untracked 
|  83|0x000000070ce00000, 0x000000070ce00000, 0x000000070d000000|  0%| F|  |TAMS 0x000000070ce00000| PB 0x000000070ce00000| Untracked 
|  84|0x000000070d000000, 0x000000070d000000, 0x000000070d200000|  0%| F|  |TAMS 0x000000070d000000| PB 0x000000070d000000| Untracked 
|  85|0x000000070d200000, 0x000000070d200000, 0x000000070d400000|  0%| F|  |TAMS 0x000000070d200000| PB 0x000000070d200000| Untracked 
|  86|0x000000070d400000, 0x000000070d400000, 0x000000070d600000|  0%| F|  |TAMS 0x000000070d400000| PB 0x000000070d400000| Untracked 
|  87|0x000000070d600000, 0x000000070d600000, 0x000000070d800000|  0%| F|  |TAMS 0x000000070d600000| PB 0x000000070d600000| Untracked 
|  88|0x000000070d800000, 0x000000070d800000, 0x000000070da00000|  0%| F|  |TAMS 0x000000070d800000| PB 0x000000070d800000| Untracked 
|  89|0x000000070da00000, 0x000000070da00000, 0x000000070dc00000|  0%| F|  |TAMS 0x000000070da00000| PB 0x000000070da00000| Untracked 
|  90|0x000000070dc00000, 0x000000070dc00000, 0x000000070de00000|  0%| F|  |TAMS 0x000000070dc00000| PB 0x000000070dc00000| Untracked 
|  91|0x000000070de00000, 0x000000070de00000, 0x000000070e000000|  0%| F|  |TAMS 0x000000070de00000| PB 0x000000070de00000| Untracked 
|  92|0x000000070e000000, 0x000000070e000000, 0x000000070e200000|  0%| F|  |TAMS 0x000000070e000000| PB 0x000000070e000000| Untracked 
|  93|0x000000070e200000, 0x000000070e200000, 0x000000070e400000|  0%| F|  |TAMS 0x000000070e200000| PB 0x000000070e200000| Untracked 
|  94|0x000000070e400000, 0x000000070e400000, 0x000000070e600000|  0%| F|  |TAMS 0x000000070e400000| PB 0x000000070e400000| Untracked 
|  95|0x000000070e600000, 0x000000070e600000, 0x000000070e800000|  0%| F|  |TAMS 0x000000070e600000| PB 0x000000070e600000| Untracked 
|  96|0x000000070e800000, 0x000000070e800000, 0x000000070ea00000|  0%| F|  |TAMS 0x000000070e800000| PB 0x000000070e800000| Untracked 
|  97|0x000000070ea00000, 0x000000070ea00000, 0x000000070ec00000|  0%| F|  |TAMS 0x000000070ea00000| PB 0x000000070ea00000| Untracked 
|  98|0x000000070ec00000, 0x000000070ec00000, 0x000000070ee00000|  0%| F|  |TAMS 0x000000070ec00000| PB 0x000000070ec00000| Untracked 
|  99|0x000000070ee00000, 0x000000070ee00000, 0x000000070f000000|  0%| F|  |TAMS 0x000000070ee00000| PB 0x000000070ee00000| Untracked 
| 100|0x000000070f000000, 0x000000070f000000, 0x000000070f200000|  0%| F|  |TAMS 0x000000070f000000| PB 0x000000070f000000| Untracked 
| 101|0x000000070f200000, 0x000000070f200000, 0x000000070f400000|  0%| F|  |TAMS 0x000000070f200000| PB 0x000000070f200000| Untracked 
| 102|0x000000070f400000, 0x000000070f400000, 0x000000070f600000|  0%| F|  |TAMS 0x000000070f400000| PB 0x000000070f400000| Untracked 
| 103|0x000000070f600000, 0x000000070f600000, 0x000000070f800000|  0%| F|  |TAMS 0x000000070f600000| PB 0x000000070f600000| Untracked 
| 104|0x000000070f800000, 0x000000070f800000, 0x000000070fa00000|  0%| F|  |TAMS 0x000000070f800000| PB 0x000000070f800000| Untracked 
| 105|0x000000070fa00000, 0x000000070fa00000, 0x000000070fc00000|  0%| F|  |TAMS 0x000000070fa00000| PB 0x000000070fa00000| Untracked 
| 106|0x000000070fc00000, 0x000000070fc00000, 0x000000070fe00000|  0%| F|  |TAMS 0x000000070fc00000| PB 0x000000070fc00000| Untracked 
| 107|0x000000070fe00000, 0x000000070fe00000, 0x0000000710000000|  0%| F|  |TAMS 0x000000070fe00000| PB 0x000000070fe00000| Untracked 
| 108|0x0000000710000000, 0x0000000710000000, 0x0000000710200000|  0%| F|  |TAMS 0x0000000710000000| PB 0x0000000710000000| Untracked 
| 109|0x0000000710200000, 0x0000000710200000, 0x0000000710400000|  0%| F|  |TAMS 0x0000000710200000| PB 0x0000000710200000| Untracked 
| 110|0x0000000710400000, 0x0000000710400000, 0x0000000710600000|  0%| F|  |TAMS 0x0000000710400000| PB 0x0000000710400000| Untracked 
| 111|0x0000000710600000, 0x0000000710600000, 0x0000000710800000|  0%| F|  |TAMS 0x0000000710600000| PB 0x0000000710600000| Untracked 
| 112|0x0000000710800000, 0x0000000710855a58, 0x0000000710a00000| 16%| E|  |TAMS 0x0000000710800000| PB 0x0000000710800000| Complete 
| 113|0x0000000710a00000, 0x0000000710c00000, 0x0000000710c00000|100%| E|CS|TAMS 0x0000000710a00000| PB 0x0000000710a00000| Complete 
| 114|0x0000000710c00000, 0x0000000710e00000, 0x0000000710e00000|100%| E|CS|TAMS 0x0000000710c00000| PB 0x0000000710c00000| Complete 
| 115|0x0000000710e00000, 0x0000000711000000, 0x0000000711000000|100%| E|CS|TAMS 0x0000000710e00000| PB 0x0000000710e00000| Complete 
| 116|0x0000000711000000, 0x0000000711200000, 0x0000000711200000|100%| S|CS|TAMS 0x0000000711000000| PB 0x0000000711000000| Complete 
| 117|0x0000000711200000, 0x0000000711400000, 0x0000000711400000|100%| S|CS|TAMS 0x0000000711200000| PB 0x0000000711200000| Complete 
| 118|0x0000000711400000, 0x0000000711600000, 0x0000000711600000|100%| E|CS|TAMS 0x0000000711400000| PB 0x0000000711400000| Complete 
| 119|0x0000000711600000, 0x0000000711800000, 0x0000000711800000|100%| E|CS|TAMS 0x0000000711600000| PB 0x0000000711600000| Complete 
| 120|0x0000000711800000, 0x0000000711a00000, 0x0000000711a00000|100%| E|CS|TAMS 0x0000000711800000| PB 0x0000000711800000| Complete 
| 121|0x0000000711a00000, 0x0000000711c00000, 0x0000000711c00000|100%| E|CS|TAMS 0x0000000711a00000| PB 0x0000000711a00000| Complete 
| 122|0x0000000711c00000, 0x0000000711e00000, 0x0000000711e00000|100%| E|CS|TAMS 0x0000000711c00000| PB 0x0000000711c00000| Complete 
| 123|0x0000000711e00000, 0x0000000712000000, 0x0000000712000000|100%| E|CS|TAMS 0x0000000711e00000| PB 0x0000000711e00000| Complete 
| 124|0x0000000712000000, 0x0000000712200000, 0x0000000712200000|100%| E|CS|TAMS 0x0000000712000000| PB 0x0000000712000000| Complete 
| 125|0x0000000712200000, 0x0000000712400000, 0x0000000712400000|100%| E|CS|TAMS 0x0000000712200000| PB 0x0000000712200000| Complete 
| 126|0x0000000712400000, 0x0000000712600000, 0x0000000712600000|100%| E|CS|TAMS 0x0000000712400000| PB 0x0000000712400000| Complete 

Card table byte_map: [0x000002564e440000,0x000002564ec30000] _byte_map_base: 0x000002564ac2c000

Marking Bits: (CMBitMap*) 0x000002564097d1b0
 Bits: [0x000002564ec30000, 0x0000025652b90000)

Polling page: 0x0000025640400000

Metaspace:

Usage:
  Non-class:      8.46 MB used.
      Class:      1.15 MB used.
       Both:      9.61 MB used.

Virtual space:
  Non-class space:       64.00 MB reserved,       8.56 MB ( 13%) committed,  1 nodes.
      Class space:        1.00 GB reserved,       1.25 MB ( <1%) committed,  1 nodes.
             Both:        1.06 GB reserved,       9.81 MB ( <1%) committed. 

Chunk freelists:
   Non-Class:  7.39 MB
       Class:  14.60 MB
        Both:  21.99 MB

MaxMetaspaceSize: unlimited
CompressedClassSpaceSize: 1.00 GB
Initial GC threshold: 21.00 MB
Current GC threshold: 21.00 MB
CDS: on
 - commit_granule_bytes: 65536.
 - commit_granule_words: 8192.
 - virtual_space_node_default_size: 8388608.
 - enlarge_chunks_in_place: 1.
 - use_allocation_guard: 0.


Internal statistics:

num_allocs_failed_limit: 0.
num_arena_births: 204.
num_arena_deaths: 0.
num_vsnodes_births: 2.
num_vsnodes_deaths: 0.
num_space_committed: 157.
num_space_uncommitted: 0.
num_chunks_returned_to_freelist: 0.
num_chunks_taken_from_freelist: 355.
num_chunk_merges: 0.
num_chunk_splits: 232.
num_chunks_enlarged: 163.
num_inconsistent_stats: 0.

CodeCache: size=49152Kb used=5723Kb max_used=5723Kb free=43428Kb
 bounds [0x000002564a3d0000, 0x000002564a970000, 0x000002564d3d0000]
 total_blobs=2299 nmethods=1803 adapters=418
 compilation: enabled
              stopped_count=0, restarted_count=0
 full_count=0

Compilation events (20 events):
Event: 0.667 Thread 0x000002565590e310 1697       1       java.lang.invoke.MethodHandleImpl$IntrinsicMethodHandle::getTarget (5 bytes)
Event: 0.667 Thread 0x000002565590e310 nmethod 1697 0x000002564a936f90 code [0x000002564a937120, 0x000002564a9371f0]
Event: 0.669 Thread 0x00000256557b7ad0 1698       1       java.security.CodeSource::matchCerts (254 bytes)
Event: 0.670 Thread 0x00000256557b7ad0 nmethod 1698 0x000002564a937290 code [0x000002564a9374a0, 0x000002564a9379f8]
Event: 0.672 Thread 0x000002565590e310 1700       1       java.util.Arrays::fill (28 bytes)
Event: 0.673 Thread 0x00000256557b7ad0 1701       1       jdk.internal.org.objectweb.asm.MethodWriter::visitFrameStart (55 bytes)
Event: 0.673 Thread 0x000002569b6655b0 1702       1       jdk.internal.org.objectweb.asm.MethodWriter::visitFrameEnd (53 bytes)
Event: 0.673 Thread 0x000002565590e310 nmethod 1700 0x000002564a938090 code [0x000002564a938240, 0x000002564a938438]
Event: 0.673 Thread 0x000002569b6655b0 nmethod 1702 0x000002564a938590 code [0x000002564a938740, 0x000002564a938ad0]
Event: 0.673 Thread 0x00000256557b7ad0 nmethod 1701 0x000002564a938b90 code [0x000002564a938d40, 0x000002564a938f60]
Event: 0.673 Thread 0x000002565590e310 1703       1       java.lang.invoke.MethodHandles$Lookup::resolveOrFail (48 bytes)
Event: 0.673 Thread 0x000002569b6655b0 1704       1       java.lang.invoke.MethodHandles$Lookup::checkMethodName (45 bytes)
Event: 0.674 Thread 0x000002569b6655b0 nmethod 1704 0x000002564a939090 code [0x000002564a939280, 0x000002564a9395d8]
Event: 0.674 Thread 0x000002565590e310 nmethod 1703 0x000002564a939810 code [0x000002564a939a20, 0x000002564a939e20]
Event: 0.676 Thread 0x000002565590e310 1706       1       org.springframework.util.ConcurrentReferenceHashMap$Segment::restructureIfNecessary (56 bytes)
Event: 0.676 Thread 0x00000256557b7ad0 1707       1       org.springframework.util.ConcurrentReferenceHashMap$ReferenceManager::pollForPurge (11 bytes)
Event: 0.677 Thread 0x000002569b666470 1708       1       sun.reflect.generics.visitor.Reifier::getFactory (5 bytes)
Event: 0.677 Thread 0x000002569b666470 nmethod 1708 0x000002564a93a310 code [0x000002564a93a4a0, 0x000002564a93a570]
Event: 0.677 Thread 0x000002569b666470 1709       1       java.util.RegularEnumSet::contains (57 bytes)
Event: 0.677 Thread 0x000002569b666470 nmethod 1709 0x000002564a93a610 code [0x000002564a93a7c0, 0x000002564a93a9e0]

GC Heap History (4 events):
Event: 0.374 GC heap before
{Heap before GC invocations=0 (full 0):
 garbage-first heap   total 260096K, used 20480K [0x0000000702800000, 0x0000000800000000)
  region size 2048K, 11 young (22528K), 0 survivors (0K)
 Metaspace       used 4037K, committed 4160K, reserved 1114112K
  class space    used 465K, committed 512K, reserved 1048576K
}
Event: 0.378 GC heap after
{Heap after GC invocations=1 (full 0):
 garbage-first heap   total 260096K, used 9818K [0x0000000702800000, 0x0000000800000000)
  region size 2048K, 2 young (4096K), 2 survivors (4096K)
 Metaspace       used 4037K, committed 4160K, reserved 1114112K
  class space    used 465K, committed 512K, reserved 1048576K
}
Event: 0.563 GC heap before
{Heap before GC invocations=1 (full 0):
 garbage-first heap   total 260096K, used 26202K [0x0000000702800000, 0x0000000800000000)
  region size 2048K, 11 young (22528K), 2 survivors (4096K)
 Metaspace       used 7453K, committed 7744K, reserved 1114112K
  class space    used 899K, committed 1024K, reserved 1048576K
}
Event: 0.566 GC heap after
{Heap after GC invocations=2 (full 0):
 garbage-first heap   total 260096K, used 15047K [0x0000000702800000, 0x0000000800000000)
  region size 2048K, 2 young (4096K), 2 survivors (4096K)
 Metaspace       used 7453K, committed 7744K, reserved 1114112K
  class space    used 899K, committed 1024K, reserved 1048576K
}

Dll operation events (10 events):
Event: 0.008 Loaded shared library C:\Program Files\Java\jdk-21\bin\java.dll
Event: 0.115 Loaded shared library C:\Program Files\Java\jdk-21\bin\zip.dll
Event: 0.117 Loaded shared library C:\Program Files\Java\jdk-21\bin\instrument.dll
Event: 0.121 Loaded shared library C:\Program Files\Java\jdk-21\bin\net.dll
Event: 0.123 Loaded shared library C:\Program Files\Java\jdk-21\bin\nio.dll
Event: 0.125 Loaded shared library C:\Program Files\Java\jdk-21\bin\zip.dll
Event: 0.238 Loaded shared library C:\Program Files\Java\jdk-21\bin\jimage.dll
Event: 0.240 Loaded shared library C:\Program Files\Java\jdk-21\bin\extnet.dll
Event: 0.250 Loaded shared library C:\Program Files\Java\jdk-21\bin\management.dll
Event: 0.256 Loaded shared library C:\Program Files\Java\jdk-21\bin\management_ext.dll

Deoptimization events (0 events):
No events

Classes loaded (20 events):
Event: 0.626 Loading class sun/security/util/ManifestEntryVerifier$SunProviderHolder
Event: 0.626 Loading class sun/security/util/ManifestEntryVerifier$SunProviderHolder done
Event: 0.636 Loading class java/lang/NoSuchFieldError
Event: 0.636 Loading class java/lang/NoSuchFieldError done
Event: 0.636 Loading class java/lang/FunctionalInterface
Event: 0.636 Loading class java/lang/FunctionalInterface done
Event: 0.649 Loading class java/lang/ArrayIndexOutOfBoundsException
Event: 0.649 Loading class java/lang/ArrayIndexOutOfBoundsException done
Event: 0.653 Loading class java/lang/TypeNotPresentException
Event: 0.653 Loading class java/lang/TypeNotPresentException done
Event: 0.654 Loading class java/lang/reflect/WildcardType
Event: 0.655 Loading class java/lang/reflect/WildcardType done
Event: 0.661 Loading class java/util/concurrent/CountDownLatch
Event: 0.661 Loading class java/util/concurrent/CountDownLatch done
Event: 0.661 Loading class java/util/concurrent/CountDownLatch$Sync
Event: 0.661 Loading class java/util/concurrent/CountDownLatch$Sync done
Event: 0.665 Loading class java/util/concurrent/RejectedExecutionException
Event: 0.665 Loading class java/util/concurrent/RejectedExecutionException done
Event: 0.676 Loading class java/lang/reflect/InaccessibleObjectException
Event: 0.676 Loading class java/lang/reflect/InaccessibleObjectException done

Classes unloaded (0 events):
No events

Classes redefined (0 events):
No events

Internal exceptions (20 events):
Event: 0.348 Thread 0x0000025640471cc0 Exception <a 'java/lang/NoSuchMethodError'{0x0000000711198e68}: 'int java.lang.invoke.DirectMethodHandle$Holder.invokeSpecialIFC(java.lang.Object, java.lang.Object, java.lang.Object)'> (0x0000000711198e68) 
thrown [s\open\src\hotspot\share\interpreter\linkResolver.cpp, line 773]
Event: 0.380 Thread 0x0000025640471cc0 Exception <a 'java/lang/NoSuchMethodError'{0x000000071240abe0}: 'java.lang.Object java.lang.invoke.DirectMethodHandle$Holder.invokeStaticInit(java.lang.Object, int, int, int, int)'> (0x000000071240abe0) 
thrown [s\open\src\hotspot\share\interpreter\linkResolver.cpp, line 773]
Event: 0.395 Thread 0x0000025640471cc0 Exception <a 'java/lang/NoSuchMethodError'{0x0000000712536538}: 'java.lang.Object java.lang.invoke.DirectMethodHandle$Holder.invokeStaticInit(java.lang.Object, java.lang.Object, int, int, int, int)'> (0x0000000712536538) 
thrown [s\open\src\hotspot\share\interpreter\linkResolver.cpp, line 773]
Event: 0.406 Thread 0x0000025640471cc0 Exception <a 'java/lang/ClassNotFoundException'{0x0000000712553088}: javax/management/remote/rmi/RMIServerImpl_Skel> (0x0000000712553088) 
thrown [s\open\src\hotspot\share\classfile\systemDictionary.cpp, line 312]
Event: 0.412 Thread 0x0000025640471cc0 Exception <a 'java/lang/NoSuchMethodError'{0x0000000712570368}: 'long java.lang.invoke.DirectMethodHandle$Holder.invokeSpecial(java.lang.Object, java.lang.Object)'> (0x0000000712570368) 
thrown [s\open\src\hotspot\share\interpreter\linkResolver.cpp, line 773]
Event: 0.413 Thread 0x0000025640471cc0 Exception <a 'java/lang/NoSuchMethodError'{0x0000000712573a40}: 'long java.lang.invoke.Invokers$Holder.invokeExact_MT(java.lang.Object, java.lang.Object)'> (0x0000000712573a40) 
thrown [s\open\src\hotspot\share\interpreter\linkResolver.cpp, line 773]
Event: 0.417 Thread 0x0000025640471cc0 Exception <a 'java/lang/NoSuchMethodError'{0x00000007125cd658}: 'void java.lang.invoke.DirectMethodHandle$Holder.invokeSpecial(java.lang.Object, java.lang.Object, java.lang.Object)'> (0x00000007125cd658) 
thrown [s\open\src\hotspot\share\interpreter\linkResolver.cpp, line 773]
Event: 0.451 Thread 0x0000025640471cc0 Exception <a 'java/lang/NoSuchMethodError'{0x00000007123f3af8}: 'void java.lang.invoke.DirectMethodHandle$Holder.invokeStatic(java.lang.Object, java.lang.Object, java.lang.Object, java.lang.Object)'> (0x00000007123f3af8) 
thrown [s\open\src\hotspot\share\interpreter\linkResolver.cpp, line 773]
Event: 0.464 Thread 0x0000025640471cc0 Exception <a 'java/lang/NoSuchMethodError'{0x0000000712056078}: 'int java.lang.invoke.DirectMethodHandle$Holder.invokeStatic(java.lang.Object)'> (0x0000000712056078) 
thrown [s\open\src\hotspot\share\interpreter\linkResolver.cpp, line 773]
Event: 0.464 Thread 0x0000025640471cc0 Exception <a 'java/lang/NoSuchMethodError'{0x0000000712059290}: 'int java.lang.invoke.DirectMethodHandle$Holder.invokeStaticInit(java.lang.Object)'> (0x0000000712059290) 
thrown [s\open\src\hotspot\share\interpreter\linkResolver.cpp, line 773]
Event: 0.469 Thread 0x0000025640471cc0 Exception <a 'java/lang/NoSuchMethodError'{0x00000007120afcd0}: 'java.lang.Object java.lang.invoke.DirectMethodHandle$Holder.invokeStatic(java.lang.Object, int, java.lang.Object)'> (0x00000007120afcd0) 
thrown [s\open\src\hotspot\share\interpreter\linkResolver.cpp, line 773]
Event: 0.470 Thread 0x0000025640471cc0 Exception <a 'java/lang/NoSuchMethodError'{0x00000007120b6bc8}: 'java.lang.Object java.lang.invoke.DirectMethodHandle$Holder.invokeInterface(java.lang.Object, java.lang.Object)'> (0x00000007120b6bc8) 
thrown [s\open\src\hotspot\share\interpreter\linkResolver.cpp, line 773]
Event: 0.480 Thread 0x0000025640471cc0 Exception <a 'java/lang/NoSuchMethodError'{0x000000071211e978}: 'void java.lang.invoke.DirectMethodHandle$Holder.invokeStaticInit(java.lang.Object, java.lang.Object, java.lang.Object, java.lang.Object)'> (0x000000071211e978) 
thrown [s\open\src\hotspot\share\interpreter\linkResolver.cpp, line 773]
Event: 0.501 Thread 0x0000025640471cc0 Exception <a 'java/lang/NoSuchMethodError'{0x0000000711e8b1b8}: 'java.lang.Object java.lang.invoke.DirectMethodHandle$Holder.invokeSpecial(java.lang.Object, java.lang.Object, java.lang.Object, long, java.lang.Object)'> (0x0000000711e8b1b8) 
thrown [s\open\src\hotspot\share\interpreter\linkResolver.cpp, line 773]
Event: 0.501 Thread 0x0000025640471cc0 Exception <a 'java/lang/NoSuchMethodError'{0x0000000711e8eb18}: 'java.lang.Object java.lang.invoke.Invokers$Holder.linkToTargetMethod(java.lang.Object, long, java.lang.Object, java.lang.Object)'> (0x0000000711e8eb18) 
thrown [s\open\src\hotspot\share\interpreter\linkResolver.cpp, line 773]
Event: 0.551 Thread 0x0000025640471cc0 Exception <a 'java/lang/NoSuchMethodError'{0x0000000711df83a8}: 'int java.lang.invoke.DirectMethodHandle$Holder.invokeStaticInit(java.lang.Object, java.lang.Object)'> (0x0000000711df83a8) 
thrown [s\open\src\hotspot\share\interpreter\linkResolver.cpp, line 773]
Event: 0.577 Thread 0x0000025640471cc0 Exception <a 'java/lang/NoSuchMethodError'{0x00000007120e6ed8}: 'void java.lang.invoke.DirectMethodHandle$Holder.invokeVirtual(java.lang.Object, java.lang.Object)'> (0x00000007120e6ed8) 
thrown [s\open\src\hotspot\share\interpreter\linkResolver.cpp, line 773]
Event: 0.641 Thread 0x0000025640471cc0 Exception <a 'java/lang/NoSuchMethodError'{0x0000000711b600f0}: 'void java.lang.invoke.DirectMethodHandle$Holder.invokeInterface(java.lang.Object, java.lang.Object, java.lang.Object, java.lang.Object)'> (0x0000000711b600f0) 
thrown [s\open\src\hotspot\share\interpreter\linkResolver.cpp, line 773]
Event: 0.670 Thread 0x0000025640471cc0 Exception <a 'java/lang/NoSuchMethodError'{0x0000000711992178}: 'java.lang.Object java.lang.invoke.DirectMethodHandle$Holder.invokeSpecialIFC(java.lang.Object, java.lang.Object, java.lang.Object, java.lang.Object)'> (0x0000000711992178) 
thrown [s\open\src\hotspot\share\interpreter\linkResolver.cpp, line 773]
Event: 0.672 Thread 0x0000025640471cc0 Exception <a 'java/lang/NoSuchMethodError'{0x00000007119ba998}: 'java.lang.Object java.lang.invoke.DirectMethodHandle$Holder.invokeInterface(java.lang.Object, java.lang.Object, java.lang.Object)'> (0x00000007119ba998) 
thrown [s\open\src\hotspot\share\interpreter\linkResolver.cpp, line 773]

ZGC Phase Switch (0 events):
No events

VM Operations (20 events):
Event: 0.355 Executing VM operation: HandshakeAllThreads (Deoptimize)
Event: 0.355 Executing VM operation: HandshakeAllThreads (Deoptimize) done
Event: 0.374 Executing VM operation: G1CollectForAllocation (G1 Evacuation Pause)
Event: 0.378 Executing VM operation: G1CollectForAllocation (G1 Evacuation Pause) done
Event: 0.405 Executing VM operation: HandshakeAllThreads (Deoptimize)
Event: 0.405 Executing VM operation: HandshakeAllThreads (Deoptimize) done
Event: 0.419 Executing VM operation: HandshakeAllThreads (Deoptimize)
Event: 0.419 Executing VM operation: HandshakeAllThreads (Deoptimize) done
Event: 0.450 Executing VM operation: HandshakeAllThreads (Deoptimize)
Event: 0.450 Executing VM operation: HandshakeAllThreads (Deoptimize) done
Event: 0.473 Executing VM operation: HandshakeAllThreads (Deoptimize)
Event: 0.473 Executing VM operation: HandshakeAllThreads (Deoptimize) done
Event: 0.485 Executing VM operation: HandshakeAllThreads (Deoptimize)
Event: 0.485 Executing VM operation: HandshakeAllThreads (Deoptimize) done
Event: 0.563 Executing VM operation: G1CollectForAllocation (G1 Evacuation Pause)
Event: 0.566 Executing VM operation: G1CollectForAllocation (G1 Evacuation Pause) done
Event: 0.573 Executing VM operation: HandshakeAllThreads (Deoptimize)
Event: 0.573 Executing VM operation: HandshakeAllThreads (Deoptimize) done
Event: 0.575 Executing VM operation: HandshakeAllThreads (Deoptimize)
Event: 0.575 Executing VM operation: HandshakeAllThreads (Deoptimize) done

Events (15 events):
Event: 0.021 Thread 0x0000025640471cc0 Thread added: 0x0000025640471cc0
Event: 0.034 Thread 0x000002565503d410 Thread added: 0x000002565503d410
Event: 0.034 Thread 0x000002565503e5f0 Thread added: 0x000002565503e5f0
Event: 0.034 Thread 0x00000256557b58a0 Thread added: 0x00000256557b58a0
Event: 0.034 Thread 0x00000256557b8f90 Thread added: 0x00000256557b8f90
Event: 0.034 Thread 0x00000256557be920 Thread added: 0x00000256557be920
Event: 0.034 Thread 0x00000256557b6cc0 Thread added: 0x00000256557b6cc0
Event: 0.034 Thread 0x00000256557b7ad0 Thread added: 0x00000256557b7ad0
Event: 0.108 Thread 0x000002565590e310 Thread added: 0x000002565590e310
Event: 0.119 Thread 0x0000025655959d20 Thread added: 0x0000025655959d20
Event: 0.235 Thread 0x000002569b55edb0 Thread added: 0x000002569b55edb0
Event: 0.235 Thread 0x000002569b560430 Thread added: 0x000002569b560430
Event: 0.330 Thread 0x000002569b6655b0 Thread added: 0x000002569b6655b0
Event: 0.330 Thread 0x000002569b666470 Thread added: 0x000002569b666470
Event: 0.411 Thread 0x000002569b75cf90 Thread added: 0x000002569b75cf90


Dynamic libraries:
0x00007ff60eaa0000 - 0x00007ff60eab0000 	C:\Program Files\Java\jdk-21\bin\java.exe
0x00007ffc43320000 - 0x00007ffc43586000 	C:\WINDOWS\SYSTEM32\ntdll.dll
0x00007ffc42530000 - 0x00007ffc425f9000 	C:\WINDOWS\System32\KERNEL32.DLL
0x00007ffc406f0000 - 0x00007ffc40aee000 	C:\WINDOWS\System32\KERNELBASE.dll
0x00007ffc40ef0000 - 0x00007ffc4103c000 	C:\WINDOWS\System32\ucrtbase.dll
0x00007ffc35f80000 - 0x00007ffc35f99000 	C:\Program Files\Java\jdk-21\bin\jli.dll
0x00007ffc35fa0000 - 0x00007ffc35fbb000 	C:\Program Files\Java\jdk-21\bin\VCRUNTIME140.dll
0x00007ffc42230000 - 0x00007ffc422e7000 	C:\WINDOWS\System32\ADVAPI32.dll
0x00007ffc41060000 - 0x00007ffc41109000 	C:\WINDOWS\System32\msvcrt.dll
0x00007ffc42bd0000 - 0x00007ffc42c7a000 	C:\WINDOWS\System32\sechost.dll
0x00007ffc42a30000 - 0x00007ffc42b48000 	C:\WINDOWS\System32\RPCRT4.dll
0x00007ffc427b0000 - 0x00007ffc42977000 	C:\WINDOWS\System32\USER32.dll
0x00007ffc40540000 - 0x00007ffc40567000 	C:\WINDOWS\System32\win32u.dll
0x00007ffc30a80000 - 0x00007ffc30d12000 	C:\WINDOWS\WinSxS\amd64_microsoft.windows.common-controls_6595b64144ccf1df_6.0.26100.8875_none_3e0d5d42e32fe9dd\COMCTL32.dll
0x00007ffc417f0000 - 0x00007ffc4181b000 	C:\WINDOWS\System32\GDI32.dll
0x00007ffc40b90000 - 0x00007ffc40cba000 	C:\WINDOWS\System32\gdi32full.dll
0x00007ffc40e40000 - 0x00007ffc40ee3000 	C:\WINDOWS\System32\msvcp_win.dll
0x00007ffc30d90000 - 0x00007ffc30d9b000 	C:\WINDOWS\SYSTEM32\VERSION.dll
0x00007ffc41740000 - 0x00007ffc41772000 	C:\WINDOWS\System32\IMM32.DLL
0x00007ffc3c8f0000 - 0x00007ffc3c8fc000 	C:\Program Files\Java\jdk-21\bin\vcruntime140_1.dll
0x00007ffc146e0000 - 0x00007ffc1476e000 	C:\Program Files\Java\jdk-21\bin\msvcp140.dll
0x00007ffb7c600000 - 0x00007ffb7d31d000 	C:\Program Files\Java\jdk-21\bin\server\jvm.dll
0x00007ffc429a0000 - 0x00007ffc42a20000 	C:\WINDOWS\System32\WS2_32.dll
0x00007ffc403a0000 - 0x00007ffc403fe000 	C:\WINDOWS\SYSTEM32\POWRPROF.dll
0x00007ffc36190000 - 0x00007ffc361c6000 	C:\WINDOWS\SYSTEM32\WINMM.dll
0x00007ffc40380000 - 0x00007ffc40394000 	C:\WINDOWS\SYSTEM32\UMPDC.dll
0x00007ffc3f1e0000 - 0x00007ffc3f1fb000 	C:\WINDOWS\SYSTEM32\kernel.appcore.dll
0x00007ffc3ae50000 - 0x00007ffc3ae5a000 	C:\Program Files\Java\jdk-21\bin\jimage.dll
0x00007ffc39620000 - 0x00007ffc39862000 	C:\WINDOWS\SYSTEM32\DBGHELP.DLL
0x00007ffc42d20000 - 0x00007ffc430a3000 	C:\WINDOWS\System32\combase.dll
0x00007ffc411a0000 - 0x00007ffc41279000 	C:\WINDOWS\System32\OLEAUT32.dll
0x00007ffc22cb0000 - 0x00007ffc22ceb000 	C:\WINDOWS\SYSTEM32\dbgcore.DLL
0x00007ffc40d80000 - 0x00007ffc40e2c000 	C:\WINDOWS\System32\bcryptPrimitives.dll
0x00007ffc35f30000 - 0x00007ffc35f3f000 	C:\Program Files\Java\jdk-21\bin\instrument.dll
0x00007ffc35f60000 - 0x00007ffc35f7f000 	C:\Program Files\Java\jdk-21\bin\java.dll
0x00007ffc41820000 - 0x00007ffc41fb2000 	C:\WINDOWS\System32\SHELL32.dll
0x00007ffc3dfc0000 - 0x00007ffc3e852000 	C:\WINDOWS\SYSTEM32\windows.storage.dll
0x00007ffc42130000 - 0x00007ffc42227000 	C:\WINDOWS\System32\SHCORE.dll
0x00007ffc430b0000 - 0x00007ffc43117000 	C:\WINDOWS\System32\shlwapi.dll
0x00007ffc40460000 - 0x00007ffc40489000 	C:\WINDOWS\SYSTEM32\profapi.dll
0x00007ffc35ee0000 - 0x00007ffc35ef8000 	C:\Program Files\Java\jdk-21\bin\zip.dll
0x00007ffc35f20000 - 0x00007ffc35f30000 	C:\Program Files\Java\jdk-21\bin\net.dll
0x00007ffc3abe0000 - 0x00007ffc3ad07000 	C:\WINDOWS\SYSTEM32\WINHTTP.dll
0x00007ffc3f770000 - 0x00007ffc3f7dc000 	C:\WINDOWS\system32\mswsock.dll
0x00007ffc35f00000 - 0x00007ffc35f16000 	C:\Program Files\Java\jdk-21\bin\nio.dll
0x00007ffc35ed0000 - 0x00007ffc35ed9000 	C:\Program Files\Java\jdk-21\bin\extnet.dll
0x00007ffc3ebd0000 - 0x00007ffc3ed26000 	C:\WINDOWS\SYSTEM32\DNSAPI.dll
0x00007ffc3f570000 - 0x00007ffc3f57d000 	C:\WINDOWS\SYSTEM32\DSPARSE.dll
0x00007ffc3eb90000 - 0x00007ffc3ebc3000 	C:\WINDOWS\SYSTEM32\IPHLPAPI.DLL
0x00007ffc42c80000 - 0x00007ffc42c8a000 	C:\WINDOWS\System32\NSI.dll
0x00007ffc35980000 - 0x00007ffc3598b000 	C:\Windows\System32\rasadhlp.dll
0x00007ffc36240000 - 0x00007ffc362c6000 	C:\WINDOWS\System32\fwpuclnt.dll
0x00007ffc35ec0000 - 0x00007ffc35eca000 	C:\Program Files\Java\jdk-21\bin\management.dll
0x00007ffc35e60000 - 0x00007ffc35e6b000 	C:\Program Files\Java\jdk-21\bin\management_ext.dll
0x00007ffc41050000 - 0x00007ffc41058000 	C:\WINDOWS\System32\PSAPI.DLL
0x00007ffc3fba0000 - 0x00007ffc3fbbb000 	C:\WINDOWS\SYSTEM32\CRYPTSP.dll
0x00007ffc3f140000 - 0x00007ffc3f179000 	C:\WINDOWS\system32\rsaenh.dll
0x00007ffc3f830000 - 0x00007ffc3f862000 	C:\WINDOWS\SYSTEM32\USERENV.dll
0x00007ffc40430000 - 0x00007ffc4045a000 	C:\WINDOWS\SYSTEM32\bcrypt.dll
0x00007ffc3f9e0000 - 0x00007ffc3f9ec000 	C:\WINDOWS\SYSTEM32\CRYPTBASE.dll
0x00007ffc24eb0000 - 0x00007ffc24ec8000 	C:\WINDOWS\system32\napinsp.dll
0x00007ffc24ed0000 - 0x00007ffc24ee3000 	C:\WINDOWS\System32\winrnr.dll
0x00007ffc24ef0000 - 0x00007ffc24f12000 	C:\WINDOWS\system32\nlansp_c.dll
0x00007ffc24f20000 - 0x00007ffc24f36000 	C:\WINDOWS\system32\wshbth.dll

dbghelp: loaded successfully - version: 4.0.5 - missing functions: none
symbol engine: initialized successfully - sym options: 0x614 - pdb path: .;C:\Program Files\Java\jdk-21\bin;C:\WINDOWS\SYSTEM32;C:\WINDOWS\WinSxS\amd64_microsoft.windows.common-controls_6595b64144ccf1df_6.0.26100.8875_none_3e0d5d42e32fe9dd;C:\Program Files\Java\jdk-21\bin\server

VM Arguments:
jvm_args: -XX:TieredStopAtLevel=1 -Dspring.output.ansi.enabled=always -Dcom.sun.management.jmxremote -Dspring.jmx.enabled=true -Dspring.liveBeansView.mbeanDomain -Dspring.application.admin.enabled=true -Dmanagement.endpoints.jmx.exposure.include=* -javaagent:C:\Program Files\JetBrains\IntelliJ IDEA 2025.2.5\lib\idea_rt.jar=55108 -Dfile.encoding=UTF-8 -Dsun.stdout.encoding=UTF-8 -Dsun.stderr.encoding=UTF-8 
java_command: com.sougata.form_data_service.FormDataServiceApplication
java_class_path (initial): C:\Users\sahas\Desktop\code\form-engine\form-engine-backend\form-data-service\target\classes;C:\Users\sahas\.m2\repository\org\springframework\boot\spring-boot-starter-actuator\4.0.0\spring-boot-starter-actuator-4.0.0.jar;C:\Users\sahas\.m2\repository\org\springframework\boot\spring-boot-starter\4.0.0\spring-boot-starter-4.0.0.jar;C:\Users\sahas\.m2\repository\org\springframework\boot\spring-boot-starter-logging\4.0.0\spring-boot-starter-logging-4.0.0.jar;C:\Users\sahas\.m2\repository\ch\qos\logback\logback-classic\1.5.21\logback-classic-1.5.21.jar;C:\Users\sahas\.m2\repository\ch\qos\logback\logback-core\1.5.21\logback-core-1.5.21.jar;C:\Users\sahas\.m2\repository\org\apache\logging\log4j\log4j-to-slf4j\2.25.2\log4j-to-slf4j-2.25.2.jar;C:\Users\sahas\.m2\repository\org\apache\logging\log4j\log4j-api\2.25.2\log4j-api-2.25.2.jar;C:\Users\sahas\.m2\repository\org\slf4j\jul-to-slf4j\2.0.17\jul-to-slf4j-2.0.17.jar;C:\Users\sahas\.m2\repository\jakarta\annotation\jakarta.annotation-api\3.0.0\jakarta.annotation-api-3.0.0.jar;C:\Users\sahas\.m2\repository\org\yaml\snakeyaml\2.5\snakeyaml-2.5.jar;C:\Users\sahas\.m2\repository\org\springframework\boot\spring-boot-starter-micrometer-metrics\4.0.0\spring-boot-starter-micrometer-metrics-4.0.0.jar;C:\Users\sahas\.m2\repository\org\springframework\boot\spring-boot-micrometer-metrics\4.0.0\spring-boot-micrometer-metrics-4.0.0.jar;C:\Users\sahas\.m2\repository\org\springframework\boot\spring-boot-micrometer-observation\4.0.0\spring-boot-micrometer-observation-4.0.0.jar;C:\Users\sahas\.m2\repository\org\springframework\boot\spring-boot-actuator-autoconfigure\4.0.0\spring-boot-actuator-autoconfigure-4.0.0.jar;C:\Users\sahas\.m2\repository\org\springframework\boot\spring-boot-actuator\4.0.0\spring-boot-actuator-4.0.0.jar;C:\Users\sahas\.m2\repository\org\springframework\boot\spring-boot-health\4.0.0\spring-boot-health-4.0.0.jar;C:\Users\sahas\.m2\repository\io\micrometer\micrometer-observation\1.16.0\micrometer-observation-1.16.0.jar;C:\Users\sahas\.m2\repository\org\jspecify\jspecify\1.0.0\jspecify-1.0.0.jar;C:\Users\sahas\.m2\repository\io\micrometer\micrometer-commons\1.16.0\micrometer-commons-1.16.0.jar;C:\Users\sahas\.m2\repository\io\micrometer\micrometer-jakarta9\1.16.0\micrometer-jakarta9-1.16.0.jar;C:\Users\sahas\.m2\repository\io\micrometer\micrometer-core\1.16.0\micrometer-core-1.16.0.jar;C:\Users\sahas\.m2\repository\org\hdrhistogram\HdrHistogram\2.2.2\HdrHistogram-2.2.2.jar;C:\Users\sahas\.m2\repository\org\latencyutils\LatencyUtils\2.0.3\LatencyUtils-2.0.3.jar;C:\Users\sahas\.m2\repository\org\springframework\boot\spring-boot-starter-data-jpa\4.0.0\spring-boot-starter-data-jpa-4.0.0.jar;C:\Users\sahas\.m2\repository\org\springframework\boot\spring-boot-starter-jdbc\4.0.0\spring-boot-starter-jdbc-4.0.0.jar;C:\Users\sahas\.m2\repository\com\zaxxer\HikariCP\7.0.2\HikariCP-7.0.2.jar;C:\Users\sahas\.m2\repository\org\springframework\boot\spring-boot-data-jpa\4.0.0\spring-boot-data-jpa-4.0.0.jar;C:\Users\sahas\.m2\repository\org\springframework\boot\spring-boot-data-commons\4.0.0\spring-boot-data-commons-4.0.0.jar;C:\Users\sahas\.m2\repository\org\springframework\boot\spring-boot-persistence\4.0.0\spring-boot-persistence-4.0.0.jar;C:\Users\sahas\.m2\repository\org\springframework\data\spring-data-commons\4.0.0\spring-data-commons-4.0.0.jar;C:\Users\sahas\.m2\repository\org\springframework\boot\spring-boot-hibernate\4.0.0\spring-boot-hibernate-4.0.0.jar;C:\Users\sahas\.m2\repository\org\springframework\boot\spring-boot-jpa\4.0.0\spring-boot-jpa-4.0.0.jar;C:\Users\sahas\.m2\repository\jakarta\persistence\jakarta.persistence-api\3.2.0\jakarta.persistence-api-3.2.0.jar;C:\Users\sahas\.m2\repository\org\hibernate\orm\hibernate-core\7.1.8.Final\hibernate-core-7.1.8.Final.jar;C:\Users\sahas\.m2\repository\jakarta\transaction\jakarta.transaction-api\2.0.1\jakarta.transaction-api-2.0.1.jar;C:\Users\sahas\.m2\repository\org\hibernate\models\hibernate-models\1.0.1\hibernate-models-1.0.1.jar;C:\Users\sahas\.m2\repository\org\glassfish\jaxb\jaxb-runtime\4.0.6\jaxb-runtime-4.0.6.jar;C:\Users\sahas\.m2\repository\org\glassfish\jaxb\jaxb-core\4.0.6\jaxb-core-4.0.6.jar;C:\Users\sahas\.m2\repository\org\eclipse\angus\angus-activation\2.0.3\angus-activation-2.0.3.jar;C:\Users\sahas\.m2\repository\org\glassfish\jaxb\txw2\4.0.6\txw2-4.0.6.jar;C:\Users\sahas\.m2\repository\com\sun\istack\istack-commons-runtime\4.1.2\istack-commons-runtime-4.1.2.jar;C:\Users\sahas\.m2\repository\org\springframework\spring-orm\7.0.1\spring-orm-7.0.1.jar;C:\Users\sahas\.m2\repository\org\springframework\data\spring-data-jpa\4.0.0\spring-data-jpa-4.0.0.jar;C:\Users\sahas\.m2\repository\org\springframework\spring-tx\7.0.1\spring-tx-7.0.1.jar;C:\Users\sahas\.m2\repository\org\antlr\antlr4-runtime\4.13.2\antlr4-runtime-4.13.2.jar;C:\Users\sahas\.m2\repository\org\springframework\spring-aspects\7.0.1\spring-aspects-7.0.1.jar;C:\Users\sahas\.m2\repository\org\aspectj\aspectjweaver\1.9.25\aspectjweaver-1.9.25.jar;C:\Users\sahas\.m2\repository\org\springframework\boot\spring-boot-jdbc\4.0.0\spring-boot-jdbc-4.0.0.jar;C:\Users\sahas\.m2\repository\org\springframework\boot\spring-boot-sql\4.0.0\spring-boot-sql-4.0.0.jar;C:\Users\sahas\.m2\repository\org\springframework\boot\spring-boot-transaction\4.0.0\spring-boot-transaction-4.0.0.jar;C:\Users\sahas\.m2\repository\org\springframework\spring-jdbc\7.0.1\spring-jdbc-7.0.1.jar;C:\Users\sahas\.m2\repository\org\springframework\boot\spring-boot-starter-security\4.0.0\spring-boot-starter-security-4.0.0.jar;C:\Users\sahas\.m2\repository\org\springframework\boot\spring-boot-security\4.0.0\spring-boot-security-4.0.0.jar;C:\Users\sahas\.m2\repository\org\springframework\security\spring-security-config\7.0.0\spring-security-config-7.0.0.jar;C:\Users\sahas\.m2\repository\org\springframework\security\spring-security-core\7.0.0\spring-security-core-7.0.0.jar;C:\Users\sahas\.m2\repository\org\springframework\security\spring-security-web\7.0.0\spring-security-web-7.0.0.jar;C:\Users\sahas\.m2\repository\org\springframework\spring-expression\7.0.1\spring-expression-7.0.1.jar;C:\Users\sahas\.m2\repository\org\springframework\spring-aop\7.0.1\spring-aop-7.0.1.jar;C:\Users\sahas\.m2\repository\org\springframework\spring-beans\7.0.1\spring-beans-7.0.1.jar;C:\Users\sahas\.m2\repository\org\springframework\spring-core\7.0.1\spring-core-7.0.1.jar;C:\Users\sahas\.m2\repository\commons-logging\commons-logging\1.3.5\commons-logging-1.3.5.jar;C:\Users\sahas\.m2\repository\org\springframework\boot\spring-boot-starter-webmvc\4.0.0\spring-boot-starter-webmvc-4.0.0.jar;C:\Users\sahas\.m2\repository\org\springframework\boot\spring-boot-starter-jackson\4.0.0\spring-boot-starter-jackson-4.0.0.jar;C:\Users\sahas\.m2\repository\org\springframework\boot\spring-boot-jackson\4.0.0\spring-boot-jackson-4.0.0.jar;C:\Users\sahas\.m2\repository\org\springframework\boot\spring-boot-starter-tomcat\4.0.0\spring-boot-starter-tomcat-4.0.0.jar;C:\Users\sahas\.m2\repository\org\springframework\boot\spring-boot-starter-tomcat-runtime\4.0.0\spring-boot-starter-tomcat-runtime-4.0.0.jar;C:\Users\sahas\.m2\repository\org\apache\tomcat\embed\tomcat-embed-core\11.0.14\tomcat-embed-core-11.0.14.jar;C:\Users\sahas\.m2\repository\org\apache\tomcat\embed\tomcat-embed-websocket\11.0.14\tomcat-embed-websocket-11.0.14.jar;C:\Users\sahas\.m2\repository\org\springframework\boot\spring-boot-tomcat\4.0.0\spring-boot-tomcat-4.0.0.jar;C:\Users\sahas\.m2\repository\org\springframework\boot\spring-boot-http-converter\4.0.0\spring-boot-http-converter-4.0.0.jar;C:\Users\sahas\.m2\repository\org\springframework\boot\spring-boot-webmvc\4.0.0\spring-boot-webmvc-4.0.0.jar;C:\Users\sahas\.m2\repository\org\springframework\boot\spring-boot-servlet\4.0.0\spring-boot-servlet-4.0.0.jar;C:\Users\sahas\.m2\repository\org\springframework\spring-webmvc\7.0.1\spring-webmvc-7.0.1.jar;C:\Users\sahas\.m2\repository\org\springframework\cloud\spring-cloud-starter-circuitbreaker-resilience4j\5.0.0\spring-cloud-starter-circuitbreaker-resilience4j-5.0.0.jar;C:\Users\sahas\.m2\repository\org\springframework\cloud\spring-cloud-starter\5.0.0\spring-cloud-starter-5.0.0.jar;C:\Users\sahas\.m2\repository\org\springframework\cloud\spring-cloud-context\5.0.0\spring-cloud-context-5.0.0.jar;C:\Users\sahas\.m2\repository\org\bouncycastle\bcprov-jdk18on\1.81\bcprov-jdk18on-1.81.jar;C:\Users\sahas\.m2\repository\org\springframework\cloud\spring-cloud-circuitbreaker-resilience4j\5.0.0\spring-cloud-circuitbreaker-resilience4j-5.0.0.jar;C:\Users\sahas\.m2\repository\com\fasterxml\jackson\core\jackson-core\2.20.1\jackson-core-2.20.1.jar;C:\Users\sahas\.m2\repository\com\fasterxml\jackson\core\jackson-databind\2.20.1\jackson-databind-2.20.1.jar;C:\Users\sahas\.m2\repository\io\github\resilience4j\resilience4j-spring-boot3\2.3.0\resilience4j-spring-boot3-2.3.0.jar;C:\Users\sahas\.m2\repository\io\github\resilience4j\resilience4j-spring6\2.3.0\resilience4j-spring6-2.3.0.jar;C:\Users\sahas\.m2\repository\io\github\resilience4j\resilience4j-annotations\2.3.0\resilience4j-annotations-2.3.0.jar;C:\Users\sahas\.m2\repository\io\github\resilience4j\resilience4j-consumer\2.3.0\resilience4j-consumer-2.3.0.jar;C:\Users\sahas\.m2\repository\io\github\resilience4j\resilience4j-circularbuffer\2.3.0\resilience4j-circularbuffer-2.3.0.jar;C:\Users\sahas\.m2\repository\io\github\resilience4j\resilience4j-framework-common\2.3.0\resilience4j-framework-common-2.3.0.jar;C:\Users\sahas\.m2\repository\io\github\resilience4j\resilience4j-micrometer\2.3.0\resilience4j-micrometer-2.3.0.jar;C:\Users\sahas\.m2\repository\io\github\resilience4j\resilience4j-retry\2.3.0\resilience4j-retry-2.3.0.jar;C:\Users\sahas\.m2\repository\io\github\resilience4j\resilience4j-ratelimiter\2.3.0\resilience4j-ratelimiter-2.3.0.jar;C:\Users\sahas\.m2\repository\org\springframework\boot\spring-boot-configuration-processor\4.0.0\spring-boot-configuration-processor-4.0.0.jar;C:\Users\sahas\.m2\repository\io\github\resilience4j\resilience4j-circuitbreaker\2.3.0\resilience4j-circuitbreaker-2.3.0.jar;C:\Users\sahas\.m2\repository\io\github\resilience4j\resilience4j-core\2.3.0\resilience4j-core-2.3.0.jar;C:\Users\sahas\.m2\repository\org\jetbrains\kotlin\kotlin-stdlib-jdk8\2.2.21\kotlin-stdlib-jdk8-2.2.21.jar;C:\Users\sahas\.m2\repository\org\jetbrains\kotlin\kotlin-stdlib\2.2.21\kotlin-stdlib-2.2.21.jar;C:\Users\sahas\.m2\repository\org\jetbrains\annotations\13.0\annotations-13.0.jar;C:\Users\sahas\.m2\repository\org\jetbrains\kotlin\kotlin-stdlib-jdk7\2.2.21\kotlin-stdlib-jdk7-2.2.21.jar;C:\Users\sahas\.m2\repository\org\slf4j\slf4j-api\2.0.17\slf4j-api-2.0.17.jar;C:\Users\sahas\.m2\repository\io\github\resilience4j\resilience4j-timelimiter\2.3.0\resilience4j-timelimiter-2.3.0.jar;C:\Users\sahas\.m2\repository\org\springframework\cloud\spring-cloud-starter-config\5.0.0\spring-cloud-starter-config-5.0.0.jar;C:\Users\sahas\.m2\repository\org\springframework\cloud\spring-cloud-config-client\5.0.0\spring-cloud-config-client-5.0.0.jar;C:\Users\sahas\.m2\repository\com\fasterxml\jackson\core\jackson-annotations\2.20\jackson-annotations-2.20.jar;C:\Users\sahas\.m2\repository\org\apache\httpcomponents\client5\httpclient5\5.5.1\httpclient5-5.5.1.jar;C:\Users\sahas\.m2\repository\org\apache\httpcomponents\core5\httpcore5\5.3.6\httpcore5-5.3.6.jar;C:\Users\sahas\.m2\repository\org\apache\httpcomponents\core5\httpcore5-h2\5.3.6\httpcore5-h2-5.3.6.jar;C:\Users\sahas\.m2\repository\tools\jackson\core\jackson-databind\3.0.2\jackson-databind-3.0.2.jar;C:\Users\sahas\.m2\repository\tools\jackson\core\jackson-core\3.0.2\jackson-core-3.0.2.jar;C:\Users\sahas\.m2\repository\org\springframework\cloud\spring-cloud-starter-netflix-eureka-client\5.0.0\spring-cloud-starter-netflix-eureka-client-5.0.0.jar;C:\Users\sahas\.m2\repository\org\springframework\cloud\spring-cloud-netflix-eureka-client\5.0.0\spring-cloud-netflix-eureka-client-5.0.0.jar;C:\Users\sahas\.m2\repository\org\springframework\boot\spring-boot-jackson2\4.0.0\spring-boot-jackson2-4.0.0.jar;C:\Users\sahas\.m2\repository\com\fasterxml\jackson\datatype\jackson-datatype-jdk8\2.20.1\jackson-datatype-jdk8-2.20.1.jar;C:\Users\sahas\.m2\repository\com\fasterxml\jackson\datatype\jackson-datatype-jsr310\2.20.1\jackson-datatype-jsr310-2.20.1.jar;C:\Users\sahas\.m2\repository\com\fasterxml\jackson\module\jackson-module-parameter-names\2.20.1\jackson-module-parameter-names-2.20.1.jar;C:\Users\sahas\.m2\repository\com\netflix\eureka\eureka-client\2.0.5\eureka-client-2.0.5.jar;C:\Users\sahas\.m2\repository\com\thoughtworks\xstream\xstream\1.4.21\xstream-1.4.21.jar;C:\Users\sahas\.m2\repository\io\github\x-stream\mxparser\1.2.2\mxparser-1.2.2.jar;C:\Users\sahas\.m2\repository\xmlpull\xmlpull\1.1.3.1\xmlpull-1.1.3.1.jar;C:\Users\sahas\.m2\repository\jakarta\ws\rs\jakarta.ws.rs-api\4.0.0\jakarta.ws.rs-api-4.0.0.jar;C:\Users\sahas\.m2\repository\jakarta\inject\jakarta.inject-api\2.0.1\jakarta.inject-api-2.0.1.jar;C:\Users\sahas\.m2\repository\com\netflix\spectator\spectator-api\1.7.3\spectator-api-1.7.3.jar;C:\Users\sahas\.m2\repository\org\apache\httpcomponents\httpclient\4.5.3\httpclient-4.5.3.jar;C:\Users\sahas\.m2\repository\org\apache\httpcomponents\httpcore\4.4.16\httpcore-4.4.16.jar;C:\Users\sahas\.m2\repository\commons-codec\commons-codec\1.19.0\commons-codec-1.19.0.jar;C:\Users\sahas\.m2\repository\commons-configuration\commons-configuration\1.10\commons-configuration-1.10.jar;C:\Users\sahas\.m2\repository\commons-lang\commons-lang\2.6\commons-lang-2.6.jar;C:\Users\sahas\.m2\repository\com\netflix\netflix-commons\netflix-eventbus\0.3.0\netflix-eventbus-0.3.0.jar;C:\Users\sahas\.m2\repository\com\netflix\netflix-commons\netflix-infix\0.3.0\netflix-infix-0.3.0.jar;C:\Users\sahas\.m2\repository\commons-jxpath\commons-jxpath\1.3\commons-jxpath-1.3.jar;C:\Users\sahas\.m2\repository\joda-time\joda-time\2.3\joda-time-2.3.jar;C:\Users\sahas\.m2\repository\org\antlr\antlr-runtime\3.4\antlr-runtime-3.4.jar;C:\Users\sahas\.m2\repository\org\antlr\stringtemplate\3.2.1\stringtemplate-3.2.1.jar;C:\Users\sahas\.m2\repository\antlr\antlr\2.7.7\antlr-2.7.7.jar;C:\Users\sahas\.m2\repository\com\google\guava\guava\14.0.1\guava-14.0.1.jar;C:\Users\sahas\.m2\repository\com\google\code\gson\gson\2.13.2\gson-2.13.2.jar;C:\Users\sahas\.m2\repository\com\google\errorprone\error_prone_annotations\2.41.0\error_prone_annotations-2.41.0.jar;C:\Users\sahas\.m2\repository\com\netflix\servo\servo-core\0.5.3\servo-core-0.5.3.jar;C:\Users\sahas\.m2\repository\org\apache\commons\commons-math\2.2\commons-math-2.2.jar;C:\Users\sahas\.m2\repository\javax\annotation\javax.annotation-api\1.2\javax.annotation-api-1.2.jar;C:\Users\sahas\.m2\repository\org\codehaus\jettison\jettison\1.5.4\jettison-1.5.4.jar;C:\Users\sahas\.m2\repository\org\springframework\cloud\spring-cloud-starter-openfeign\5.0.0\spring-cloud-starter-openfeign-5.0.0.jar;C:\Users\sahas\.m2\repository\org\springframework\cloud\spring-cloud-openfeign-core\5.0.0\spring-cloud-openfeign-core-5.0.0.jar;C:\Users\sahas\.m2\repository\io\github\openfeign\feign-form-spring\13.6\feign-form-spring-13.6.jar;C:\Users\sahas\.m2\repository\org\apache\commons\commons-text\1.13.0\commons-text-1.13.0.jar;C:\Users\sahas\.m2\repository\org\apache\commons\commons-lang3\3.19.0\commons-lang3-3.19.0.jar;C:\Users\sahas\.m2\repository\io\github\openfeign\feign-form\13.6\feign-form-13.6.jar;C:\Users\sahas\.m2\repository\commons-fileupload\commons-fileupload\1.5\commons-fileupload-1.5.jar;C:\Users\sahas\.m2\repository\org\springframework\spring-web\7.0.1\spring-web-7.0.1.jar;C:\Users\sahas\.m2\repository\org\springframework\cloud\spring-cloud-commons\5.0.0\spring-cloud-commons-5.0.0.jar;C:\Users\sahas\.m2\repository\org\springframework\security\spring-security-crypto\7.0.0\spring-security-crypto-7.0.0.jar;C:\Users\sahas\.m2\repository\io\github\openfeign\feign-core\13.6\feign-core-13.6.jar;C:\Users\sahas\.m2\repository\io\github\openfeign\feign-slf4j\13.6\feign-slf4j-13.6.jar;C:\Users\sahas\.m2\repository\org\springframework\boot\spring-boot-devtools\4.0.0\spring-boot-devtools-4.0.0.jar;C:\Users\sahas\.m2\repository\org\springframework\boot\spring-boot\4.0.0\spring-boot-4.0.0.jar;C:\Users\sahas\.m2\repository\org\springframework\spring-context\7.0.1\spring-context-7.0.1.jar;C:\Users\sahas\.m2\repository\org\springframework\boot\spring-boot-autoconfigure\4.0.0\spring-boot-autoconfigure-4.0.0.jar;C:\Users\sahas\.m2\repository\org\postgresql\postgresql\42.7.8\postgresql-42.7.8.jar;C:\Users\sahas\.m2\repository\org\checkerframework\checker-qual\3.49.5\checker-qual-3.49.5.jar;C:\Users\sahas\.m2\repository\org\projectlombok\lombok\1.18.42\lombok-1.18.42.jar;C:\Users\sahas\.m2\repository\net\bytebuddy\byte-buddy\1.17.8\byte-buddy-1.17.8.jar;C:\Users\sahas\.m2\repository\com\github\f4b6a3\tsid-creator\5.2.6\tsid-creator-5.2.6.jar;C:\Users\sahas\.m2\repository\org\springframework\boot\spring-boot-web-server\4.0.0\spring-boot-web-server-4.0.0.jar;C:\Users\sahas\.m2\repository\io\hypersistence\hypersistence-utils-hibernate-70\3.14.0\hypersistence-utils-hibernate-70-3.14.0.jar;C:\Users\sahas\.m2\repository\jakarta\xml\bind\jakarta.xml.bind-api\4.0.4\jakarta.xml.bind-api-4.0.4.jar;C:\Users\sahas\.m2\repository\jakarta\activation\jakarta.activation-api\2.1.4\jakarta.activation-api-2.1.4.jar;C:\Users\sahas\.m2\repository\io\hypersistence\hypersistence-tsid\2.1.4\hypersistence-tsid-2.1.4.jar;C:\Users\sahas\.m2\repository\org\springframework\boot\spring-boot-starter-validation\4.0.0\spring-boot-starter-validation-4.0.0.jar;C:\Users\sahas\.m2\repository\org\springframework\boot\spring-boot-validation\4.0.0\spring-boot-validation-4.0.0.jar;C:\Users\sahas\.m2\repository\org\apache\tomcat\embed\tomcat-embed-el\11.0.14\tomcat-embed-el-11.0.14.jar;C:\Users\sahas\.m2\repository\org\hibernate\validator\hibernate-validator\9.0.1.Final\hibernate-validator-9.0.1.Final.jar;C:\Users\sahas\.m2\repository\jakarta\validation\jakarta.validation-api\3.1.1\jakarta.validation-api-3.1.1.jar;C:\Users\sahas\.m2\repository\org\jboss\logging\jboss-logging\3.6.1.Final\jboss-logging-3.6.1.Final.jar;C:\Users\sahas\.m2\repository\com\fasterxml\classmate\1.7.1\classmate-1.7.1.jar;C:\Users\sahas\.m2\repository\org\springframework\cloud\spring-cloud-starter-loadbalancer\5.0.0\spring-cloud-starter-loadbalancer-5.0.0.jar;C:\Users\sahas\.m2\repository\org\springframework\cloud\spring-cloud-loadbalancer\5.0.0\spring-cloud-loadbalancer-5.0.0.jar;C:\Users\sahas\.m2\repository\io\projectreactor\reactor-core\3.8.0\reactor-core-3.8.0.jar;C:\Users\sahas\.m2\repository\org\reactivestreams\reactive-streams\1.0.4\reactive-streams-1.0.4.jar;C:\Users\sahas\.m2\repository\io\projectreactor\addons\reactor-extra\3.6.0\reactor-extra-3.6.0.jar;C:\Users\sahas\.m2\repository\org\springframework\boot\spring-boot-starter-cache\4.0.0\spring-boot-starter-cache-4.0.0.jar;C:\Users\sahas\.m2\repository\org\springframework\boot\spring-boot-cache\4.0.0\spring-boot-cache-4.0.0.jar;C:\Users\sahas\.m2\repository\org\springframework\spring-context-support\7.0.1\spring-context-support-7.0.1.jar;C:\Users\sahas\.m2\repository\com\stoyanr\evictor\1.0.0\evictor-1.0.0.jar
Launcher Type: SUN_STANDARD

[Global flags]
     intx CICompilerCount                          = 4                                         {product} {ergonomic}
     uint ConcGCThreads                            = 2                                         {product} {ergonomic}
     uint G1ConcRefinementThreads                  = 8                                         {product} {ergonomic}
   size_t G1HeapRegionSize                         = 2097152                                   {product} {ergonomic}
    uintx GCDrainStackTargetSize                   = 64                                        {product} {ergonomic}
   size_t InitialHeapSize                          = 266338304                                 {product} {ergonomic}
     bool ManagementServer                         = true                                      {product} {command line}
   size_t MarkStackSize                            = 4194304                                   {product} {ergonomic}
   size_t MaxHeapSize                              = 4253024256                                {product} {ergonomic}
   size_t MaxNewSize                               = 2550136832                                {product} {ergonomic}
   size_t MinHeapDeltaBytes                        = 2097152                                   {product} {ergonomic}
   size_t MinHeapSize                              = 8388608                                   {product} {ergonomic}
    uintx NonNMethodCodeHeapSize                   = 4096                                   {pd product} {ergonomic}
    uintx NonProfiledCodeHeapSize                  = 0                                      {pd product} {ergonomic}
     bool ProfileInterpreter                       = false                                  {pd product} {command line}
    uintx ProfiledCodeHeapSize                     = 0                                      {pd product} {ergonomic}
   size_t SoftMaxHeapSize                          = 4253024256                             {manageable} {ergonomic}
     intx TieredStopAtLevel                        = 1                                         {product} {command line}
     bool UseCompressedOops                        = true                           {product lp64_product} {ergonomic}
     bool UseG1GC                                  = true                                      {product} {ergonomic}
     bool UseLargePagesIndividualAllocation        = false                                  {pd product} {ergonomic}

Logging:
Log output configuration:
 #0: stdout all=warning uptime,level,tags foldmultilines=false
 #1: stderr all=off uptime,level,tags foldmultilines=false

Environment Variables:
PATH=C:\Program Files\Common Files\Oracle\Java\javapath;C:\WINDOWS\system32;C:\WINDOWS;C:\WINDOWS\System32\Wbem;C:\WINDOWS\System32\WindowsPowerShell\v1.0\;C:\WINDOWS\System32\OpenSSH\;C:\Program Files\Git\cmd;C:\Program Files\Docker\Docker\resources\bin;C:\ProgramData\chocolatey\bin;C:\Program Files\nodejs\;C:\Program Files\PostgreSQL\18\bin;C:\Users\sahas\AppData\Local\Programs\Python\Python310\Scripts\;C:\Users\sahas\AppData\Local\Programs\Python\Python310\;C:\Users\sahas\AppData\Local\Microsoft\WindowsApps;C:\Users\sahas\AppData\Local\Programs\Microsoft VS Code\bin;C:\Program Files\JetBrains\IntelliJ IDEA 2025.2.5\bin;C:\Users\sahas\AppData\Roaming\npm
USERNAME=sahas
OS=Windows_NT
PROCESSOR_IDENTIFIER=Intel64 Family 6 Model 151 Stepping 5, GenuineIntel
TMP=C:\Users\sahas\AppData\Local\Temp
TEMP=C:\Users\sahas\AppData\Local\Temp




Periodic native trim disabled

---------------  S Y S T E M  ---------------

OS:
 Windows 11 , 64 bit Build 26100 (10.0.26100.8875)
OS uptime: 0 days 2:58 hours
Hyper-V role detected

CPU: total 8 (initial active 8) (4 cores per cpu, 2 threads per core) family 6 model 151 stepping 5 microcode 0x23, cx8, cmov, fxsr, ht, mmx, 3dnowpref, sse, sse2, sse3, ssse3, sse4.1, sse4.2, popcnt, lzcnt, tsc, tscinvbit, avx, avx2, aes, erms, clmul, bmi1, bmi2, adx, sha, fma, vzeroupper, clflush, clflushopt, clwb, hv, serialize, rdtscp, rdpid, fsrm, f16c, cet_ibt, cet_ss
Processor Information for all 8 processors :
  Max Mhz: 3300, Current Mhz: 3300, Mhz Limit: 3300

Memory: 4k page, system-wide physical 16222M (2077M free)
TotalPageFile size 31582M (AvailPageFile size 8146M)
current process WorkingSet (physical memory assigned to process): 102M, peak: 102M
current process commit charge ("private bytes"): 361M, peak: 361M

vm_info: Java HotSpot(TM) 64-Bit Server VM (21.0.9+7-LTS-338) for windows-amd64 JRE (21.0.9+7-LTS-338), built on 2025-09-26T06:33:49Z by "mach5run" with MS VC++ 17.6 (VS2022)

END.
